#
# There is insufficient memory for the Java Runtime Environment to continue.
# Native memory allocation (mmap) failed to map 1711276032 bytes. Error detail: G1 virtual space
# Possible reasons:
#   The system is out of physical RAM or swap space
#   This process is running with CompressedOops enabled, and the Java Heap may be blocking the growth of the native heap
# Possible solutions:
#   Reduce memory load on the system
#   Increase physical memory or swap space
#   Check if swap backing store is full
#   Decrease Java heap size (-Xmx/-Xms)
#   Decrease number of Java threads
#   Decrease Java thread stack sizes (-Xss)
#   Set larger code cache with -XX:ReservedCodeCacheSize=
#   JVM is running with Zero Based Compressed Oops mode in which the Java heap is
#     placed in the first 32GB address space. The Java Heap base address is the
#     maximum limit for the native heap growth. Please use -XX:HeapBaseMinAddress
#     to set the Java Heap base and to place the Java Heap above 32GB virtual address.
# This output file may be truncated or incomplete.
#
#  Out of Memory Error (os_windows.cpp:3707), pid=13204, tid=27680
#
# JRE version: OpenJDK Runtime Environment Zulu23.32+11-CA (23.0.2+7) (build 23.0.2+7)
# Java VM: OpenJDK 64-Bit Server VM Zulu23.32+11-CA (23.0.2+7, mixed mode, sharing, tiered, compressed oops, compressed class ptrs, g1 gc, windows-amd64)
# No core dump will be written. Minidumps are not enabled by default on client versions of Windows
#

---------------  S U M M A R Y ------------

Command Line: -Xmx13586471322 -XX:+RestoreMXCSROnJNICalls -Xcheck:jni -Xrs -Duser.language=en -Duser.country=US -Duser.variant= -Djava.io.tmpdir=C:\Users\brand\AppData\Local\Temp\r5pywe3c_pk4 

Host: Intel(R) Core(TM) i7-9750H CPU @ 2.60GHz, 12 cores, 15G,  Windows 11 , 64 bit Build 26100 (10.0.26100.6725)
Time: Mon Oct 27 20:04:04 2025 Hora oficial do Brasil elapsed time: 177.330517 seconds (0d 0h 2m 57s)

---------------  T H R E A D  ---------------

Current thread (0x000001cee168e730):  VMThread "VM Thread"          [id=27680, stack(0x0000000875560000,0x0000000875750000) (1984K)]

Stack: [0x0000000875560000,0x0000000875750000]
Native frames: (J=compiled Java code, j=interpreted, Vv=VM code, C=native code)
C  0x00007ffd1196fb29  (no source info available)
C  0x00007ffd11b60913  (no source info available)
C  0x00007ffd11b62bde  (no source info available)
C  0x00007ffd11b632c3  (no source info available)
C  0x00007ffd11505ba6  (no source info available)
C  0x00007ffd1196c365  (no source info available)
C  0x00007ffd1195ffda  (no source info available)
C  0x00007ffd115e7dba  (no source info available)
C  0x00007ffd115f01f6  (no source info available)
C  0x00007ffd115dc75e  (no source info available)
C  0x00007ffd115dc9f8  (no source info available)
C  0x00007ffd115b4a9c  (no source info available)
C  0x00007ffd115b4b2a  (no source info available)
C  0x00007ffd11600d6d  (no source info available)
C  0x00007ffd115ff3d1  (no source info available)
C  0x00007ffd115b4277  (no source info available)
C  0x00007ffd115feb74  (no source info available)
C  0x00007ffd11b69348  (no source info available)
C  0x00007ffd11b6a657  (no source info available)
C  0x00007ffd11b6ab88  (no source info available)
C  0x00007ffd11b6ae23  (no source info available)
C  0x00007ffd11b06aa8  (no source info available)
C  0x00007ffd1196e345  (no source info available)
C  [ucrtbase.dll+0x37b0]  (no source info available)
C  [KERNEL32.DLL+0x2e8d7]  (no source info available)
C  [ntdll.dll+0x8c53c]  (no source info available)

VM_Operation (0x0000000878b9ecc0): G1CollectForAllocation, mode: safepoint, requested by thread 0x000001ced6507610


---------------  P R O C E S S  ---------------

Threads class SMR info:
_java_thread_list=0x000001ceda03fc70, length=25, elements={
0x000001cee0fc5a30, 0x000001cee0fcaf80, 0x000001cee0fcb610, 0x000001cee0fca8f0,
0x000001cee0fcc330, 0x000001cee0fcbca0, 0x000001cee142d810, 0x000001cee142a190,
0x000001cee0fc9540, 0x000001cee0fc9bd0, 0x000001cee3778f00, 0x000001ced64fc4e0,
0x000001ced6500d10, 0x000001ced64fd890, 0x000001ced64fd200, 0x000001ced6503b00,
0x000001ced65013a0, 0x000001ced6504eb0, 0x000001ced6501a30, 0x000001ced6507610,
0x000001ced6505540, 0x000001ced6505bd0, 0x000001ced65068f0, 0x000001ced6506260,
0x000001ced6506f80
}

Java Threads: ( => current thread )
  0x000001cee0fc5a30 JavaThread "main"                              [_thread_blocked, id=38504, stack(0x0000000874200000,0x00000008743f0000) (1984K)]
  0x000001cee0fcaf80 JavaThread "Reference Handler"          daemon [_thread_blocked, id=9992, stack(0x0000000875750000,0x0000000875940000) (1984K)]
  0x000001cee0fcb610 JavaThread "Finalizer"                  daemon [_thread_blocked, id=2420, stack(0x0000000875940000,0x0000000875b30000) (1984K)]
  0x000001cee0fca8f0 JavaThread "Attach Listener"            daemon [_thread_blocked, id=33760, stack(0x0000000875b30000,0x0000000875d20000) (1984K)]
  0x000001cee0fcc330 JavaThread "Service Thread"             daemon [_thread_blocked, id=32400, stack(0x0000000875d20000,0x0000000875f10000) (1984K)]
  0x000001cee0fcbca0 JavaThread "Monitor Deflation Thread"   daemon [_thread_blocked, id=32644, stack(0x0000000875f10000,0x0000000876100000) (1984K)]
  0x000001cee142d810 JavaThread "C2 CompilerThread0"         daemon [_thread_blocked, id=25864, stack(0x0000000876100000,0x00000008762f0000) (1984K)]
  0x000001cee142a190 JavaThread "C1 CompilerThread0"         daemon [_thread_blocked, id=12568, stack(0x00000008762f0000,0x00000008764e0000) (1984K)]
  0x000001cee0fc9540 JavaThread "Notification Thread"        daemon [_thread_blocked, id=19392, stack(0x00000008764e0000,0x00000008766d0000) (1984K)]
  0x000001cee0fc9bd0 JavaThread "Common-Cleaner"             daemon [_thread_blocked, id=18680, stack(0x00000008766d0000,0x00000008768c0000) (1984K)]
  0x000001cee3778f00 JavaThread "Python Reference Queue"     daemon [_thread_blocked, id=18644, stack(0x00000008768c0000,0x0000000876ab0000) (1984K)]
  0x000001ced64fc4e0 JavaThread "MapDB writer #1"            daemon [_thread_blocked, id=21080, stack(0x0000000877a30000,0x0000000877c20000) (1984K)]
  0x000001ced6500d10 JavaThread "WeakCollectionCleaner"      daemon [_thread_blocked, id=32624, stack(0x00000008743f0000,0x00000008745e0000) (1984K)]
  0x000001ced64fd890 JavaThread "GT authority factory disposer" daemon [_thread_blocked, id=3484, stack(0x00000008745e0000,0x00000008747d0000) (1984K)]
  0x000001ced64fd200 JavaThread "ForkJoinPool.commonPool-worker-1" daemon [_thread_blocked, id=2648, stack(0x00000008747d0000,0x00000008749c0000) (1984K)]
  0x000001ced6503b00 JavaThread "ForkJoinPool.commonPool-worker-2" daemon [_thread_blocked, id=26572, stack(0x0000000877c20000,0x0000000877e10000) (1984K)]
  0x000001ced65013a0 JavaThread "ForkJoinPool.commonPool-worker-3" daemon [_thread_blocked, id=25524, stack(0x00000008783e0000,0x00000008785d0000) (1984K)]
  0x000001ced6504eb0 JavaThread "ForkJoinPool.commonPool-worker-4" daemon [_thread_blocked, id=15200, stack(0x00000008785d0000,0x00000008787c0000) (1984K)]
  0x000001ced6501a30 JavaThread "ForkJoinPool.commonPool-worker-6" daemon [_thread_blocked, id=30824, stack(0x00000008787c0000,0x00000008789b0000) (1984K)]
  0x000001ced6507610 JavaThread "ForkJoinPool.commonPool-worker-7" daemon [_thread_blocked, id=2472, stack(0x00000008789b0000,0x0000000878ba0000) (1984K)]
  0x000001ced6505540 JavaThread "ForkJoinPool.commonPool-worker-5" daemon [_thread_blocked, id=14068, stack(0x0000000878ba0000,0x0000000878d90000) (1984K)]
  0x000001ced6505bd0 JavaThread "ForkJoinPool.commonPool-worker-8" daemon [_thread_blocked, id=36144, stack(0x0000000878d90000,0x0000000878f80000) (1984K)]
  0x000001ced65068f0 JavaThread "ForkJoinPool.commonPool-worker-9" daemon [_thread_blocked, id=24148, stack(0x0000000878f80000,0x0000000879170000) (1984K)]
  0x000001ced6506260 JavaThread "ForkJoinPool.commonPool-worker-10" daemon [_thread_blocked, id=4268, stack(0x0000000879170000,0x0000000879360000) (1984K)]
  0x000001ced6506f80 JavaThread "ForkJoinPool.commonPool-worker-11" daemon [_thread_blocked, id=1964, stack(0x0000000879360000,0x0000000879550000) (1984K)]
Total: 25

Other Threads:
=>0x000001cee168e730 VMThread "VM Thread"                           [id=27680, stack(0x0000000875560000,0x0000000875750000) (1984K)]
  0x000001cee187b980 WatcherThread "VM Periodic Task Thread"        [id=38500, stack(0x0000000875370000,0x0000000875560000) (1984K)]
  0x000001cee1690100 WorkerThread "GC Thread#0"                     [id=34888, stack(0x00000008749c0000,0x0000000874bb0000) (1984K)]
  0x000001cee168e380 WorkerThread "GC Thread#1"                     [id=18700, stack(0x0000000876ab0000,0x0000000876ca0000) (1984K)]
  0x000001cee168ee90 WorkerThread "GC Thread#2"                     [id=7568, stack(0x0000000876ca0000,0x0000000876e90000) (1984K)]
  0x000001cee1690c10 WorkerThread "GC Thread#3"                     [id=1868, stack(0x0000000876e90000,0x0000000877080000) (1984K)]
  0x000001cee1690860 WorkerThread "GC Thread#4"                     [id=24796, stack(0x0000000877080000,0x0000000877270000) (1984K)]
  0x000001ced4430cd0 WorkerThread "GC Thread#5"                     [id=18372, stack(0x0000000877270000,0x0000000877460000) (1984K)]
  0x000001cee39d69f0 WorkerThread "GC Thread#6"                     [id=34200, stack(0x0000000877460000,0x0000000877650000) (1984K)]
  0x000001cee39d6da0 WorkerThread "GC Thread#7"                     [id=13384, stack(0x0000000877650000,0x0000000877840000) (1984K)]
  0x000001cee39d8010 WorkerThread "GC Thread#8"                     [id=15688, stack(0x0000000877840000,0x0000000877a30000) (1984K)]
  0x000001cee35bcea0 WorkerThread "GC Thread#9"                     [id=4348, stack(0x0000000877e10000,0x0000000878000000) (1984K)]
  0x000001cee1740b80 ConcurrentGCThread "G1 Main Marker"            [id=25456, stack(0x0000000874bb0000,0x0000000874da0000) (1984K)]
  0x000001cee1691370 WorkerThread "G1 Conc#0"                       [id=9204, stack(0x0000000874da0000,0x0000000874f90000) (1984K)]
  0x000001cee35bec20 WorkerThread "G1 Conc#1"                       [id=28944, stack(0x0000000878000000,0x00000008781f0000) (1984K)]
  0x000001cee35bb880 WorkerThread "G1 Conc#2"                       [id=4280, stack(0x00000008781f0000,0x00000008783e0000) (1984K)]
  0x000001cee1422520 ConcurrentGCThread "G1 Refine#0"               [id=17548, stack(0x0000000874f90000,0x0000000875180000) (1984K)]
  0x000001cee1396f00 ConcurrentGCThread "G1 Service"                [id=19640, stack(0x0000000875180000,0x0000000875370000) (1984K)]
Total: 18

Threads with active compile tasks:
C2 CompilerThread0  193267 6772 %     4       gnu.trove.map.hash.TIntObjectHashMap::rehash @ 51 (98 bytes)
Total: 1

VM state: at safepoint (normal execution)

VM Mutex/Monitor currently owned by a thread:  ([mutex/lock_event])
[0x00007ffd11f75d38] Threads_lock - owner thread: 0x000001cee168e730
[0x00007ffd11f75e38] Heap_lock - owner thread: 0x000001ced6507610

Heap address: 0x00000004d6000000, size: 12960 MB, Compressed Oops mode: Zero based, Oop shift amount: 3

CDS archive(s) mapped at: [0x000001ce8f000000-0x000001ce8fd70000-0x000001ce8fd70000), size 14090240, SharedBaseAddress: 0x000001ce8f000000, ArchiveRelocationMode: 1.
Compressed class space mapped at: 0x000001ce90000000-0x000001ced0000000, reserved size: 1073741824
Narrow klass base: 0x000001ce8f000000, Narrow klass shift: 0, Narrow klass range: 0x41000000

GC Precious Log:
 CardTable entry size: 512
 Card Set container configuration: InlinePtr #cards 4 size 8 Array Of Cards #cards 64 size 144 Howl #buckets 8 coarsen threshold 14745 Howl Bitmap #cards 2048 size 272 coarsen threshold 1843 Card regions per heap region 1 cards per card region 16384
 CPUs: 12 total, 12 available
 Memory: 16196M
 Large Page Support: Disabled
 NUMA Support: Disabled
 Compressed Oops: Enabled (Zero based)
 Heap Region Size: 8M
 Heap Min Capacity: 8M
 Heap Initial Capacity: 256M
 Heap Max Capacity: 12960M
 Pre-touch: Disabled
 Parallel Workers: 10
 Concurrent Workers: 3
 Concurrent Refinement Workers: 10
 Periodic GC: Disabled

Heap:
 garbage-first heap   total reserved 13271040K, committed 1015808K, used 353278K [0x00000004d6000000, 0x0000000800000000)
  region size 8192K, 1 young (8192K), 1 survivors (8192K)
 Metaspace       used 27332K, committed 27840K, reserved 1114112K
  class space    used 2980K, committed 3200K, reserved 1048576K

Heap Regions: E=young(eden), S=young(survivor), O=old, HS=humongous(starts), HC=humongous(continues), CS=collection set, F=free, TAMS=top-at-mark-start, PB=parsable bottom
|   0|0x00000004d6000000, 0x00000004d67ffff8, 0x00000004d6800000| 99%| O|  |TAMS 0x00000004d6000000| PB 0x00000004d6000000| Untracked |  0
|   1|0x00000004d6800000, 0x00000004d6fffff8, 0x00000004d7000000| 99%| O|  |TAMS 0x00000004d6800000| PB 0x00000004d6800000| Untracked |  0
|   2|0x00000004d7000000, 0x00000004d77bae70, 0x00000004d7800000| 96%| O|  |TAMS 0x00000004d7000000| PB 0x00000004d7000000| Untracked |  0
|   3|0x00000004d7800000, 0x00000004d7fffff0, 0x00000004d8000000| 99%| O|  |TAMS 0x00000004d7800000| PB 0x00000004d7800000| Untracked |  0
|   4|0x00000004d8000000, 0x00000004d87ffff0, 0x00000004d8800000| 99%| O|  |TAMS 0x00000004d8000000| PB 0x00000004d8000000| Untracked |  0
|   5|0x00000004d8800000, 0x00000004d8fffff0, 0x00000004d9000000| 99%| O|  |TAMS 0x00000004d8800000| PB 0x00000004d8800000| Untracked |  0
|   6|0x00000004d9000000, 0x00000004d97fffe8, 0x00000004d9800000| 99%| O|  |TAMS 0x00000004d9000000| PB 0x00000004d9000000| Untracked |  0
|   7|0x00000004d9800000, 0x00000004d9ffffd8, 0x00000004da000000| 99%| O|  |TAMS 0x00000004d9800000| PB 0x00000004d9800000| Untracked |  0
|   8|0x00000004da000000, 0x00000004da782bd0, 0x00000004da800000| 93%| O|  |TAMS 0x00000004da000000| PB 0x00000004da000000| Untracked |  0
|   9|0x00000004da800000, 0x00000004db000000, 0x00000004db000000|100%| O|  |TAMS 0x00000004da800000| PB 0x00000004da800000| Untracked |  0
|  10|0x00000004db000000, 0x00000004db7ffff8, 0x00000004db800000| 99%| O|  |TAMS 0x00000004db000000| PB 0x00000004db000000| Untracked |  0
|  11|0x00000004db800000, 0x00000004dc000000, 0x00000004dc000000|100%| O|  |TAMS 0x00000004db800000| PB 0x00000004db800000| Untracked |  0
|  12|0x00000004dc000000, 0x00000004dc2b8250, 0x00000004dc800000| 33%| O|  |TAMS 0x00000004dc000000| PB 0x00000004dc000000| Untracked |  0
|  13|0x00000004dc800000, 0x00000004dd000000, 0x00000004dd000000|100%| O|  |TAMS 0x00000004dc800000| PB 0x00000004dc800000| Untracked |  0
|  14|0x00000004dd000000, 0x00000004dd7f4b30, 0x00000004dd800000| 99%| O|  |TAMS 0x00000004dd000000| PB 0x00000004dd000000| Untracked |  0
|  15|0x00000004dd800000, 0x00000004ddfffff8, 0x00000004de000000| 99%| O|  |TAMS 0x00000004dd800000| PB 0x00000004dd800000| Untracked |  0
|  16|0x00000004de000000, 0x00000004de800000, 0x00000004de800000|100%| O|  |TAMS 0x00000004de000000| PB 0x00000004de000000| Untracked |  0
|  17|0x00000004de800000, 0x00000004deffff10, 0x00000004df000000| 99%| O|  |TAMS 0x00000004de800000| PB 0x00000004de800000| Untracked |  0
|  18|0x00000004df000000, 0x00000004df7fffe8, 0x00000004df800000| 99%| O|  |TAMS 0x00000004df000000| PB 0x00000004df000000| Untracked |  0
|  19|0x00000004df800000, 0x00000004dffffff8, 0x00000004e0000000| 99%| O|  |TAMS 0x00000004df800000| PB 0x00000004df800000| Untracked |  0
|  20|0x00000004e0000000, 0x00000004e0473bf8, 0x00000004e0800000| 55%| O|  |TAMS 0x00000004e0000000| PB 0x00000004e0000000| Untracked |  0
|  21|0x00000004e0800000, 0x00000004e09a9bc0, 0x00000004e1000000| 20%| O|  |TAMS 0x00000004e0800000| PB 0x00000004e0800000| Untracked |  0
|  22|0x00000004e1000000, 0x00000004e150ea98, 0x00000004e1800000| 63%| O|  |TAMS 0x00000004e1000000| PB 0x00000004e1000000| Untracked |  0
|  23|0x00000004e1800000, 0x00000004e2000000, 0x00000004e2000000|100%| O|  |TAMS 0x00000004e1800000| PB 0x00000004e1800000| Untracked |  0
|  24|0x00000004e2000000, 0x00000004e2800000, 0x00000004e2800000|100%| O|  |TAMS 0x00000004e2000000| PB 0x00000004e2000000| Untracked |  0
|  25|0x00000004e2800000, 0x00000004e3000000, 0x00000004e3000000|100%| O|  |TAMS 0x00000004e2800000| PB 0x00000004e2800000| Untracked |  0
|  26|0x00000004e3000000, 0x00000004e3800000, 0x00000004e3800000|100%| O|  |TAMS 0x00000004e3000000| PB 0x00000004e3000000| Untracked |  0
|  27|0x00000004e3800000, 0x00000004e4000000, 0x00000004e4000000|100%| O|  |TAMS 0x00000004e3800000| PB 0x00000004e3800000| Untracked |  0
|  28|0x00000004e4000000, 0x00000004e4800000, 0x00000004e4800000|100%| O|  |TAMS 0x00000004e4000000| PB 0x00000004e4000000| Untracked |  0
|  29|0x00000004e4800000, 0x00000004e49bf9a8, 0x00000004e5000000| 21%| O|  |TAMS 0x00000004e4800000| PB 0x00000004e4800000| Untracked |  0
|  30|0x00000004e5000000, 0x00000004e5800000, 0x00000004e5800000|100%| O|  |TAMS 0x00000004e5000000| PB 0x00000004e5000000| Untracked |  0
|  31|0x00000004e5800000, 0x00000004e59477e8, 0x00000004e6000000| 15%| O|  |TAMS 0x00000004e5800000| PB 0x00000004e5800000| Untracked |  0
|  32|0x00000004e6000000, 0x00000004e6086168, 0x00000004e6800000|  6%| O|  |TAMS 0x00000004e6000000| PB 0x00000004e6000000| Untracked |  0
|  33|0x00000004e6800000, 0x00000004e7000000, 0x00000004e7000000|100%| O|  |TAMS 0x00000004e6800000| PB 0x00000004e6800000| Untracked |  0
|  34|0x00000004e7000000, 0x00000004e7253c08, 0x00000004e7800000| 29%| O|  |TAMS 0x00000004e7000000| PB 0x00000004e7000000| Untracked |  0
|  35|0x00000004e7800000, 0x00000004e8000000, 0x00000004e8000000|100%| O|  |TAMS 0x00000004e7800000| PB 0x00000004e7800000| Untracked |  0
|  36|0x00000004e8000000, 0x00000004e8800000, 0x00000004e8800000|100%| O|  |TAMS 0x00000004e8000000| PB 0x00000004e8000000| Untracked |  0
|  37|0x00000004e8800000, 0x00000004e9000000, 0x00000004e9000000|100%| O|  |TAMS 0x00000004e8800000| PB 0x00000004e8800000| Untracked |  0
|  38|0x00000004e9000000, 0x00000004e9800000, 0x00000004e9800000|100%| O|  |TAMS 0x00000004e9000000| PB 0x00000004e9000000| Untracked |  0
|  39|0x00000004e9800000, 0x00000004ea000000, 0x00000004ea000000|100%| O|  |TAMS 0x00000004e9800000| PB 0x00000004e9800000| Untracked |  0
|  40|0x00000004ea000000, 0x00000004ea800000, 0x00000004ea800000|100%| O|  |TAMS 0x00000004ea000000| PB 0x00000004ea000000| Untracked |  0
|  41|0x00000004ea800000, 0x00000004eb000000, 0x00000004eb000000|100%| O|  |TAMS 0x00000004ea800000| PB 0x00000004ea800000| Untracked |  0
|  42|0x00000004eb000000, 0x00000004eb429708, 0x00000004eb800000| 52%| O|  |TAMS 0x00000004eb000000| PB 0x00000004eb000000| Untracked |  0
|  43|0x00000004eb800000, 0x00000004eb800000, 0x00000004ec000000|  0%| F|  |TAMS 0x00000004eb800000| PB 0x00000004eb800000| Untracked |  0
|  44|0x00000004ec000000, 0x00000004ec000000, 0x00000004ec800000|  0%| F|  |TAMS 0x00000004ec000000| PB 0x00000004ec000000| Untracked |  0
|  45|0x00000004ec800000, 0x00000004ec800000, 0x00000004ed000000|  0%| F|  |TAMS 0x00000004ec800000| PB 0x00000004ec800000| Untracked |  0
|  46|0x00000004ed000000, 0x00000004ed000000, 0x00000004ed800000|  0%| F|  |TAMS 0x00000004ed000000| PB 0x00000004ed000000| Untracked |  0
|  47|0x00000004ed800000, 0x00000004ed800000, 0x00000004ee000000|  0%| F|  |TAMS 0x00000004ed800000| PB 0x00000004ed800000| Untracked |  0
|  48|0x00000004ee000000, 0x00000004ee000000, 0x00000004ee800000|  0%| F|  |TAMS 0x00000004ee000000| PB 0x00000004ee000000| Untracked |  0
|  49|0x00000004ee800000, 0x00000004ee800000, 0x00000004ef000000|  0%| F|  |TAMS 0x00000004ee800000| PB 0x00000004ee800000| Untracked |  0
|  50|0x00000004ef000000, 0x00000004ef000000, 0x00000004ef800000|  0%| F|  |TAMS 0x00000004ef000000| PB 0x00000004ef000000| Untracked |  0
|  51|0x00000004ef800000, 0x00000004ef800000, 0x00000004f0000000|  0%| F|  |TAMS 0x00000004ef800000| PB 0x00000004ef800000| Untracked |  0
|  52|0x00000004f0000000, 0x00000004f0000000, 0x00000004f0800000|  0%| F|  |TAMS 0x00000004f0000000| PB 0x00000004f0000000| Untracked |  0
|  53|0x00000004f0800000, 0x00000004f0800000, 0x00000004f1000000|  0%| F|  |TAMS 0x00000004f0800000| PB 0x00000004f0800000| Untracked |  0
|  54|0x00000004f1000000, 0x00000004f1000000, 0x00000004f1800000|  0%| F|  |TAMS 0x00000004f1000000| PB 0x00000004f1000000| Untracked |  0
|  55|0x00000004f1800000, 0x00000004f1800000, 0x00000004f2000000|  0%| F|  |TAMS 0x00000004f1800000| PB 0x00000004f1800000| Untracked |  0
|  56|0x00000004f2000000, 0x00000004f2000000, 0x00000004f2800000|  0%| F|  |TAMS 0x00000004f2000000| PB 0x00000004f2000000| Untracked |  0
|  57|0x00000004f2800000, 0x00000004f2800000, 0x00000004f3000000|  0%| F|  |TAMS 0x00000004f2800000| PB 0x00000004f2800000| Untracked |  0
|  58|0x00000004f3000000, 0x00000004f3000000, 0x00000004f3800000|  0%| F|  |TAMS 0x00000004f3000000| PB 0x00000004f3000000| Untracked |  0
|  59|0x00000004f3800000, 0x00000004f3800000, 0x00000004f4000000|  0%| F|  |TAMS 0x00000004f3800000| PB 0x00000004f3800000| Untracked |  0
|  60|0x00000004f4000000, 0x00000004f4000000, 0x00000004f4800000|  0%| F|  |TAMS 0x00000004f4000000| PB 0x00000004f4000000| Untracked |  0
|  61|0x00000004f4800000, 0x00000004f4800000, 0x00000004f5000000|  0%| F|  |TAMS 0x00000004f4800000| PB 0x00000004f4800000| Untracked |  0
|  62|0x00000004f5000000, 0x00000004f5000000, 0x00000004f5800000|  0%| F|  |TAMS 0x00000004f5000000| PB 0x00000004f5000000| Untracked |  0
|  63|0x00000004f5800000, 0x00000004f5800000, 0x00000004f6000000|  0%| F|  |TAMS 0x00000004f5800000| PB 0x00000004f5800000| Untracked |  0
|  64|0x00000004f6000000, 0x00000004f6000000, 0x00000004f6800000|  0%| F|  |TAMS 0x00000004f6000000| PB 0x00000004f6000000| Untracked |  0
|  65|0x00000004f6800000, 0x00000004f6800000, 0x00000004f7000000|  0%| F|  |TAMS 0x00000004f6800000| PB 0x00000004f6800000| Untracked |  0
|  66|0x00000004f7000000, 0x00000004f7000000, 0x00000004f7800000|  0%| F|  |TAMS 0x00000004f7000000| PB 0x00000004f7000000| Untracked |  0
|  67|0x00000004f7800000, 0x00000004f7800000, 0x00000004f8000000|  0%| F|  |TAMS 0x00000004f7800000| PB 0x00000004f7800000| Untracked |  0
|  68|0x00000004f8000000, 0x00000004f8000000, 0x00000004f8800000|  0%| F|  |TAMS 0x00000004f8000000| PB 0x00000004f8000000| Untracked |  0
|  69|0x00000004f8800000, 0x00000004f8800000, 0x00000004f9000000|  0%| F|  |TAMS 0x00000004f8800000| PB 0x00000004f8800000| Untracked |  0
|  70|0x00000004f9000000, 0x00000004f9000000, 0x00000004f9800000|  0%| F|  |TAMS 0x00000004f9000000| PB 0x00000004f9000000| Untracked |  0
|  71|0x00000004f9800000, 0x00000004f9800000, 0x00000004fa000000|  0%| F|  |TAMS 0x00000004f9800000| PB 0x00000004f9800000| Untracked |  0
|  72|0x00000004fa000000, 0x00000004fa000000, 0x00000004fa800000|  0%| F|  |TAMS 0x00000004fa000000| PB 0x00000004fa000000| Untracked |  0
|  73|0x00000004fa800000, 0x00000004fb000000, 0x00000004fb000000|100%| O|  |TAMS 0x00000004fa800000| PB 0x00000004fa800000| Untracked |  0
|  74|0x00000004fb000000, 0x00000004fb800000, 0x00000004fb800000|100%| O|  |TAMS 0x00000004fb000000| PB 0x00000004fb000000| Untracked |  0
|  75|0x00000004fb800000, 0x00000004fc000000, 0x00000004fc000000|100%| O|  |TAMS 0x00000004fb800000| PB 0x00000004fb800000| Untracked |  0
|  76|0x00000004fc000000, 0x00000004fc800000, 0x00000004fc800000|100%| O|  |TAMS 0x00000004fc000000| PB 0x00000004fc000000| Untracked |  0
|  77|0x00000004fc800000, 0x00000004fd000000, 0x00000004fd000000|100%| O|  |TAMS 0x00000004fc800000| PB 0x00000004fc800000| Untracked |  0
|  78|0x00000004fd000000, 0x00000004fd800000, 0x00000004fd800000|100%| O|  |TAMS 0x00000004fd000000| PB 0x00000004fd000000| Untracked |  0
|  79|0x00000004fd800000, 0x00000004fd800000, 0x00000004fe000000|  0%| F|  |TAMS 0x00000004fd800000| PB 0x00000004fd800000| Untracked |  0
|  80|0x00000004fe000000, 0x00000004fe000000, 0x00000004fe800000|  0%| F|  |TAMS 0x00000004fe000000| PB 0x00000004fe000000| Untracked |  0
|  81|0x00000004fe800000, 0x00000004fe800000, 0x00000004ff000000|  0%| F|  |TAMS 0x00000004fe800000| PB 0x00000004fe800000| Untracked |  0
|  82|0x00000004ff000000, 0x00000004ff000000, 0x00000004ff800000|  0%| F|  |TAMS 0x00000004ff000000| PB 0x00000004ff000000| Untracked |  0
|  83|0x00000004ff800000, 0x00000004ff800000, 0x0000000500000000|  0%| F|  |TAMS 0x00000004ff800000| PB 0x00000004ff800000| Untracked |  0
|  84|0x0000000500000000, 0x0000000500000000, 0x0000000500800000|  0%| F|  |TAMS 0x0000000500000000| PB 0x0000000500000000| Untracked |  0
|  85|0x0000000500800000, 0x0000000500800000, 0x0000000501000000|  0%| F|  |TAMS 0x0000000500800000| PB 0x0000000500800000| Untracked |  0
|  86|0x0000000501000000, 0x0000000501000000, 0x0000000501800000|  0%| F|  |TAMS 0x0000000501000000| PB 0x0000000501000000| Untracked |  0
|  87|0x0000000501800000, 0x0000000501800000, 0x0000000502000000|  0%| F|  |TAMS 0x0000000501800000| PB 0x0000000501800000| Untracked |  0
|  88|0x0000000502000000, 0x0000000502000000, 0x0000000502800000|  0%| F|  |TAMS 0x0000000502000000| PB 0x0000000502000000| Untracked |  0
|  89|0x0000000502800000, 0x0000000502800000, 0x0000000503000000|  0%| F|  |TAMS 0x0000000502800000| PB 0x0000000502800000| Untracked |  0
|  90|0x0000000503000000, 0x0000000503000000, 0x0000000503800000|  0%| F|  |TAMS 0x0000000503000000| PB 0x0000000503000000| Untracked |  0
|  91|0x0000000503800000, 0x0000000503800000, 0x0000000504000000|  0%| F|  |TAMS 0x0000000503800000| PB 0x0000000503800000| Untracked |  0
|  92|0x0000000504000000, 0x0000000504000000, 0x0000000504800000|  0%| F|  |TAMS 0x0000000504000000| PB 0x0000000504000000| Untracked |  0
|  93|0x0000000504800000, 0x0000000504800000, 0x0000000505000000|  0%| F|  |TAMS 0x0000000504800000| PB 0x0000000504800000| Untracked |  0
|  94|0x0000000505000000, 0x0000000505000000, 0x0000000505800000|  0%| F|  |TAMS 0x0000000505000000| PB 0x0000000505000000| Untracked |  0
|  95|0x0000000505800000, 0x0000000505800000, 0x0000000506000000|  0%| F|  |TAMS 0x0000000505800000| PB 0x0000000505800000| Untracked |  0
|  96|0x0000000506000000, 0x0000000506000000, 0x0000000506800000|  0%| F|  |TAMS 0x0000000506000000| PB 0x0000000506000000| Untracked |  0
|  97|0x0000000506800000, 0x0000000506800000, 0x0000000507000000|  0%| F|  |TAMS 0x0000000506800000| PB 0x0000000506800000| Untracked |  0
|  98|0x0000000507000000, 0x0000000507000000, 0x0000000507800000|  0%| F|  |TAMS 0x0000000507000000| PB 0x0000000507000000| Untracked |  0
|  99|0x0000000507800000, 0x0000000507800000, 0x0000000508000000|  0%| F|  |TAMS 0x0000000507800000| PB 0x0000000507800000| Untracked |  0
| 100|0x0000000508000000, 0x0000000508000000, 0x0000000508800000|  0%| F|  |TAMS 0x0000000508000000| PB 0x0000000508000000| Untracked |  0
| 101|0x0000000508800000, 0x0000000508800000, 0x0000000509000000|  0%| F|  |TAMS 0x0000000508800000| PB 0x0000000508800000| Untracked |  0
| 102|0x0000000509000000, 0x0000000509000000, 0x0000000509800000|  0%| F|  |TAMS 0x0000000509000000| PB 0x0000000509000000| Untracked |  0
| 103|0x0000000509800000, 0x0000000509800000, 0x000000050a000000|  0%| F|  |TAMS 0x0000000509800000| PB 0x0000000509800000| Untracked |  0
| 104|0x000000050a000000, 0x000000050a000000, 0x000000050a800000|  0%| F|  |TAMS 0x000000050a000000| PB 0x000000050a000000| Untracked |  0
| 105|0x000000050a800000, 0x000000050a800000, 0x000000050b000000|  0%| F|  |TAMS 0x000000050a800000| PB 0x000000050a800000| Untracked |  0
| 106|0x000000050b000000, 0x000000050b000000, 0x000000050b800000|  0%| F|  |TAMS 0x000000050b000000| PB 0x000000050b000000| Untracked |  0
| 107|0x000000050b800000, 0x000000050b800000, 0x000000050c000000|  0%| F|  |TAMS 0x000000050b800000| PB 0x000000050b800000| Untracked |  0
| 108|0x000000050c000000, 0x000000050c000000, 0x000000050c800000|  0%| F|  |TAMS 0x000000050c000000| PB 0x000000050c000000| Untracked |  0
| 109|0x000000050c800000, 0x000000050c800000, 0x000000050d000000|  0%| F|  |TAMS 0x000000050c800000| PB 0x000000050c800000| Untracked |  0
| 110|0x000000050d000000, 0x000000050d000000, 0x000000050d800000|  0%| F|  |TAMS 0x000000050d000000| PB 0x000000050d000000| Untracked |  0
| 111|0x000000050d800000, 0x000000050d800000, 0x000000050e000000|  0%| F|  |TAMS 0x000000050d800000| PB 0x000000050d800000| Untracked |  0
| 112|0x000000050e000000, 0x000000050e000000, 0x000000050e800000|  0%| F|  |TAMS 0x000000050e000000| PB 0x000000050e000000| Untracked |  0
| 113|0x000000050e800000, 0x000000050e800000, 0x000000050f000000|  0%| F|  |TAMS 0x000000050e800000| PB 0x000000050e800000| Untracked |  0
| 114|0x000000050f000000, 0x000000050f1deca0, 0x000000050f800000| 23%| S|CS|TAMS 0x000000050f000000| PB 0x000000050f000000| Complete |  0
| 115|0x000000050f800000, 0x000000050f800000, 0x0000000510000000|  0%| F|  |TAMS 0x000000050f800000| PB 0x000000050f800000| Untracked |  0
| 116|0x0000000510000000, 0x0000000510000000, 0x0000000510800000|  0%| F|  |TAMS 0x0000000510000000| PB 0x0000000510000000| Untracked |  0
| 117|0x0000000510800000, 0x0000000510800000, 0x0000000511000000|  0%| F|  |TAMS 0x0000000510800000| PB 0x0000000510800000| Untracked |  0
| 118|0x0000000511000000, 0x0000000511000000, 0x0000000511800000|  0%| F|  |TAMS 0x0000000511000000| PB 0x0000000511000000| Untracked |  0
| 119|0x0000000511800000, 0x0000000511800000, 0x0000000512000000|  0%| F|  |TAMS 0x0000000511800000| PB 0x0000000511800000| Untracked |  0
| 120|0x0000000512000000, 0x0000000512000000, 0x0000000512800000|  0%| F|  |TAMS 0x0000000512000000| PB 0x0000000512000000| Untracked |  0
| 121|0x0000000512800000, 0x0000000512800000, 0x0000000513000000|  0%| F|  |TAMS 0x0000000512800000| PB 0x0000000512800000| Untracked |  0
| 122|0x0000000513000000, 0x0000000513000000, 0x0000000513800000|  0%| F|  |TAMS 0x0000000513000000| PB 0x0000000513000000| Untracked |  0
| 123|0x0000000513800000, 0x0000000513800000, 0x0000000514000000|  0%| F|  |TAMS 0x0000000513800000| PB 0x0000000513800000| Untracked |  0

Card table byte_map: [0x000001cefdfe0000,0x000001ceff930000] _byte_map_base: 0x000001cefb930000

Marking Bits: (CMBitMap*) 0x000001cee142d150
 Bits: [0x000001ce80000000, 0x000001ce8ca80000)

Polling page: 0x000001ceec9e0000

Metaspace:

Usage:
  Non-class:     23.78 MB used.
      Class:      2.91 MB used.
       Both:     26.69 MB used.

Virtual space:
  Non-class space:       64.00 MB reserved,      24.06 MB ( 38%) committed,  1 nodes.
      Class space:        1.00 GB reserved,       3.12 MB ( <1%) committed,  1 nodes.
             Both:        1.06 GB reserved,      27.19 MB (  2%) committed. 

Chunk freelists:
   Non-Class:  7.67 MB
       Class:  12.83 MB
        Both:  20.51 MB

MaxMetaspaceSize: unlimited
CompressedClassSpaceSize: 1.00 GB
Initial GC threshold: 21.00 MB
Current GC threshold: 44.50 MB
CDS: on
 - commit_granule_bytes: 65536.
 - commit_granule_words: 8192.
 - virtual_space_node_default_size: 8388608.
 - enlarge_chunks_in_place: 1.
 - use_allocation_guard: 0.


Internal statistics:

num_allocs_failed_limit: 3.
num_arena_births: 708.
num_arena_deaths: 0.
num_vsnodes_births: 2.
num_vsnodes_deaths: 0.
num_space_committed: 434.
num_space_uncommitted: 0.
num_chunks_returned_to_freelist: 3.
num_chunks_taken_from_freelist: 1612.
num_chunk_merges: 3.
num_chunk_splits: 1110.
num_chunks_enlarged: 726.
num_inconsistent_stats: 0.

CodeHeap 'non-profiled nmethods': size=120064Kb used=3906Kb max_used=3906Kb free=116157Kb
 bounds [0x000001cef44c0000, 0x000001cef48a0000, 0x000001cefba00000]
CodeHeap 'profiled nmethods': size=120000Kb used=6023Kb max_used=6106Kb free=113977Kb
 bounds [0x000001ceeca00000, 0x000001ceed000000, 0x000001cef3f30000]
CodeHeap 'non-nmethods': size=5696Kb used=1671Kb max_used=1761Kb free=4024Kb
 bounds [0x000001cef3f30000, 0x000001cef41a0000, 0x000001cef44c0000]
CodeCache: size=245760Kb, used=11600Kb, max_used=11773Kb, free=234158Kb
 total_blobs=5653, nmethods=4918, adapters=647, full_count=0
Compilation: enabled, stopped_count=0, restarted_count=0

Compilation events (20 events):
Event: 169.975 Thread 0x000001cee142a190 6831       2       com.conveyal.r5.streets.StreetRouter::setOrigin (60 bytes)
Event: 169.976 Thread 0x000001cee142a190 nmethod 6831 0x000001ceeceef588 code [0x000001ceeceef720, 0x000001ceeceefc50]
Event: 169.976 Thread 0x000001cee142a190 6832       2       com.conveyal.r5.util.TIntObjectHashMultimap::clear (10 bytes)
Event: 169.976 Thread 0x000001cee142a190 nmethod 6832 0x000001ceeceef288 code [0x000001ceeceef3a0, 0x000001ceeceef510]
Event: 172.110 Thread 0x000001cee142a190 6836       2       java.lang.invoke.MethodHandleNatives$CallSiteContext::run (5 bytes)
Event: 172.381 Thread 0x000001cee142a190 nmethod 6836 0x000001ceeceeef88 code [0x000001ceeceef0a0, 0x000001ceeceef1c0]
Event: 172.975 Thread 0x000001cee142d810 nmethod 6724 0x000001cef4885b08 code [0x000001cef4886700, 0x000001cef488e868]
Event: 172.977 Thread 0x000001cee142d810 6788 %     4       gnu.trove.list.array.TIntArrayList::forEach @ 2 (35 bytes)
Event: 172.982 Thread 0x000001cee142d810 nmethod 6788% 0x000001cef488eb08 code [0x000001cef488ec20, 0x000001cef488ee08]
Event: 172.982 Thread 0x000001cee142d810 6833       4       java.util.Arrays::binarySearch0 (72 bytes)
Event: 172.984 Thread 0x000001cee142d810 nmethod 6833 0x000001cef488ee88 code [0x000001cef488ef80, 0x000001cef488f0b0]
Event: 172.984 Thread 0x000001cee142d810 6774       4       gnu.trove.impl.hash.TIntIntHash::insertKey (78 bytes)
Event: 172.988 Thread 0x000001cee142d810 nmethod 6774 0x000001cef488f188 code [0x000001cef488f2a0, 0x000001cef488f4c8]
Event: 172.988 Thread 0x000001cee142d810 6786       4       gnu.trove.map.hash.TIntIntHashMap::put (14 bytes)
Event: 172.996 Thread 0x000001cee142d810 nmethod 6786 0x000001cef488f508 code [0x000001cef488f680, 0x000001cef488fb28]
Event: 172.996 Thread 0x000001cee142d810 6810       4       java.util.stream.AbstractPipeline::sourceSpliterator (262 bytes)
Event: 173.021 Thread 0x000001cee142d810 nmethod 6810 0x000001cef488fc08 code [0x000001cef488fd60, 0x000001cef4890158]
Event: 173.021 Thread 0x000001cee142d810 6811       4       java.util.stream.AbstractPipeline::evaluate (94 bytes)
Event: 173.034 Thread 0x000001cee142d810 nmethod 6811 0x000001cef4890188 code [0x000001cef4890320, 0x000001cef4890870]
Event: 173.034 Thread 0x000001cee142d810 6772 %     4       gnu.trove.map.hash.TIntObjectHashMap::rehash @ 51 (98 bytes)

GC Heap History (20 events):
Event: 125.337 GC heap after
{Heap after GC invocations=52 (full 11):
 garbage-first heap   total reserved 13271040K, committed 507904K, used 318142K [0x00000004d6000000, 0x0000000800000000)
  region size 8192K, 3 young (24576K), 3 survivors (24576K)
 Metaspace       used 26062K, committed 26560K, reserved 1114112K
  class space    used 2829K, committed 3072K, reserved 1048576K
}
Event: 126.775 GC heap before
{Heap before GC invocations=52 (full 11):
 garbage-first heap   total reserved 13271040K, committed 507904K, used 424638K [0x00000004d6000000, 0x0000000800000000)
  region size 8192K, 16 young (131072K), 3 survivors (24576K)
 Metaspace       used 26062K, committed 26560K, reserved 1114112K
  class space    used 2829K, committed 3072K, reserved 1048576K
}
Event: 126.808 GC heap after
{Heap after GC invocations=53 (full 11):
 garbage-first heap   total reserved 13271040K, committed 507904K, used 320555K [0x00000004d6000000, 0x0000000800000000)
  region size 8192K, 2 young (16384K), 2 survivors (16384K)
 Metaspace       used 26062K, committed 26560K, reserved 1114112K
  class space    used 2829K, committed 3072K, reserved 1048576K
}
Event: 127.623 GC heap before
{Heap before GC invocations=53 (full 11):
 garbage-first heap   total reserved 13271040K, committed 507904K, used 427051K [0x00000004d6000000, 0x0000000800000000)
  region size 8192K, 15 young (122880K), 2 survivors (16384K)
 Metaspace       used 26062K, committed 26560K, reserved 1114112K
  class space    used 2829K, committed 3072K, reserved 1048576K
}
Event: 127.650 GC heap after
{Heap after GC invocations=54 (full 11):
 garbage-first heap   total reserved 13271040K, committed 1286144K, used 354227K [0x00000004d6000000, 0x0000000800000000)
  region size 8192K, 2 young (16384K), 2 survivors (16384K)
 Metaspace       used 26062K, committed 26560K, reserved 1114112K
  class space    used 2829K, committed 3072K, reserved 1048576K
}
Event: 136.996 GC heap before
{Heap before GC invocations=55 (full 11):
 garbage-first heap   total reserved 13271040K, committed 1146880K, used 894899K [0x00000004d6000000, 0x0000000800000000)
  region size 8192K, 70 young (573440K), 2 survivors (16384K)
 Metaspace       used 26867K, committed 27328K, reserved 1114112K
  class space    used 2913K, committed 3136K, reserved 1048576K
}
Event: 137.098 GC heap after
{Heap after GC invocations=56 (full 11):
 garbage-first heap   total reserved 13271040K, committed 1146880K, used 452531K [0x00000004d6000000, 0x0000000800000000)
  region size 8192K, 9 young (73728K), 9 survivors (73728K)
 Metaspace       used 26867K, committed 27328K, reserved 1114112K
  class space    used 2913K, committed 3136K, reserved 1048576K
}
Event: 137.443 GC heap before
{Heap before GC invocations=56 (full 11):
 garbage-first heap   total reserved 13271040K, committed 1146880K, used 477107K [0x00000004d6000000, 0x0000000800000000)
  region size 8192K, 13 young (106496K), 9 survivors (73728K)
 Metaspace       used 26891K, committed 27328K, reserved 1114112K
  class space    used 2919K, committed 3136K, reserved 1048576K
}
Event: 137.666 GC heap after
{Heap after GC invocations=57 (full 12):
 garbage-first heap   total reserved 13271040K, committed 1015808K, used 259477K [0x00000004d6000000, 0x0000000800000000)
  region size 8192K, 0 young (0K), 0 survivors (0K)
 Metaspace       used 26891K, committed 27328K, reserved 1114112K
  class space    used 2919K, committed 3136K, reserved 1048576K
}
Event: 140.067 GC heap before
{Heap before GC invocations=57 (full 12):
 garbage-first heap   total reserved 13271040K, committed 1015808K, used 628117K [0x00000004d6000000, 0x0000000800000000)
  region size 8192K, 45 young (368640K), 0 survivors (0K)
 Metaspace       used 26895K, committed 27328K, reserved 1114112K
  class space    used 2919K, committed 3136K, reserved 1048576K
}
Event: 140.121 GC heap after
{Heap after GC invocations=58 (full 12):
 garbage-first heap   total reserved 13271040K, committed 1015808K, used 360651K [0x00000004d6000000, 0x0000000800000000)
  region size 8192K, 6 young (49152K), 6 survivors (49152K)
 Metaspace       used 26895K, committed 27328K, reserved 1114112K
  class space    used 2919K, committed 3136K, reserved 1048576K
}
Event: 140.529 GC heap before
{Heap before GC invocations=58 (full 12):
 garbage-first heap   total reserved 13271040K, committed 1015808K, used 368843K [0x00000004d6000000, 0x0000000800000000)
  region size 8192K, 8 young (65536K), 6 survivors (49152K)
 Metaspace       used 26895K, committed 27328K, reserved 1114112K
  class space    used 2919K, committed 3136K, reserved 1048576K
}
Event: 140.799 GC heap after
{Heap after GC invocations=59 (full 13):
 garbage-first heap   total reserved 13271040K, committed 1015808K, used 265181K [0x00000004d6000000, 0x0000000800000000)
  region size 8192K, 0 young (0K), 0 survivors (0K)
 Metaspace       used 26895K, committed 27328K, reserved 1114112K
  class space    used 2919K, committed 3136K, reserved 1048576K
}
Event: 153.515 GC heap before
{Heap before GC invocations=59 (full 13):
 garbage-first heap   total reserved 13271040K, committed 1015808K, used 650205K [0x00000004d6000000, 0x0000000800000000)
  region size 8192K, 47 young (385024K), 0 survivors (0K)
 Metaspace       used 26962K, committed 27456K, reserved 1114112K
  class space    used 2923K, committed 3136K, reserved 1048576K
}
Event: 153.592 GC heap after
{Heap after GC invocations=60 (full 13):
 garbage-first heap   total reserved 13271040K, committed 1015808K, used 337480K [0x00000004d6000000, 0x0000000800000000)
  region size 8192K, 6 young (49152K), 6 survivors (49152K)
 Metaspace       used 26962K, committed 27456K, reserved 1114112K
  class space    used 2923K, committed 3136K, reserved 1048576K
}
Event: 170.397 GC heap before
{Heap before GC invocations=60 (full 13):
 garbage-first heap   total reserved 13271040K, committed 1015808K, used 706120K [0x00000004d6000000, 0x0000000800000000)
  region size 8192K, 51 young (417792K), 6 survivors (49152K)
 Metaspace       used 27330K, committed 27840K, reserved 1114112K
  class space    used 2979K, committed 3200K, reserved 1048576K
}
Event: 172.101 GC heap after
{Heap after GC invocations=61 (full 13):
 garbage-first heap   total reserved 13271040K, committed 1015808K, used 353114K [0x00000004d6000000, 0x0000000800000000)
  region size 8192K, 2 young (16384K), 2 survivors (16384K)
 Metaspace       used 27330K, committed 27840K, reserved 1114112K
  class space    used 2979K, committed 3200K, reserved 1048576K
}
Event: 172.515 GC heap before
{Heap before GC invocations=61 (full 13):
 garbage-first heap   total reserved 13271040K, committed 1015808K, used 385882K [0x00000004d6000000, 0x0000000800000000)
  region size 8192K, 6 young (49152K), 2 survivors (16384K)
 Metaspace       used 27332K, committed 27840K, reserved 1114112K
  class space    used 2980K, committed 3200K, reserved 1048576K
}
Event: 172.547 GC heap after
{Heap after GC invocations=62 (full 13):
 garbage-first heap   total reserved 13271040K, committed 1015808K, used 354467K [0x00000004d6000000, 0x0000000800000000)
  region size 8192K, 1 young (8192K), 1 survivors (8192K)
 Metaspace       used 27332K, committed 27840K, reserved 1114112K
  class space    used 2980K, committed 3200K, reserved 1048576K
}
Event: 173.184 GC heap before
{Heap before GC invocations=62 (full 13):
 garbage-first heap   total reserved 13271040K, committed 1015808K, used 420003K [0x00000004d6000000, 0x0000000800000000)
  region size 8192K, 9 young (73728K), 1 survivors (8192K)
 Metaspace       used 27332K, committed 27840K, reserved 1114112K
  class space    used 2980K, committed 3200K, reserved 1048576K
}

Dll operation events (9 events):
Event: 0.017 Loaded shared library C:\Users\brand\anaconda3\envs\roda\Library\lib\jvm\bin\java.dll
Event: 0.084 Loaded shared library C:\Users\brand\anaconda3\envs\roda\Library\lib\jvm\bin\jsvml.dll
Event: 0.142 Loaded shared library C:\Users\brand\anaconda3\envs\roda\Library\lib\jvm\bin\net.dll
Event: 0.147 Loaded shared library C:\Users\brand\anaconda3\envs\roda\Library\lib\jvm\bin\nio.dll
Event: 0.203 Loaded shared library C:\Users\brand\anaconda3\envs\roda\Library\lib\jvm\bin\zip.dll
Event: 0.596 Loaded shared library C:\Users\brand\anaconda3\envs\roda\Lib\site-packages\_jpype.cp311-win_amd64.pyd
Event: 0.851 Loaded shared library C:\Users\brand\anaconda3\envs\roda\Library\lib\jvm\bin\jimage.dll
Event: 11.365 Loaded shared library C:\Users\brand\anaconda3\envs\roda\Library\lib\jvm\bin\verify.dll
Event: 62.773 Loaded shared library C:\Users\brand\anaconda3\envs\roda\Library\lib\jvm\bin\awt.dll

Deoptimization events (20 events):
Event: 173.037 Thread 0x000001ced64fd200 DEOPT PACKING pc=0x000001ceecfc757f sp=0x00000008749bea00
Event: 173.037 Thread 0x000001ced64fd200 DEOPT UNPACKING pc=0x000001cef3f84b22 sp=0x00000008749bdea0 mode 0
Event: 173.038 Thread 0x000001ced6506260 DEOPT PACKING pc=0x000001ceecfc7541 sp=0x000000087935e940
Event: 173.038 Thread 0x000001ced6506260 DEOPT UNPACKING pc=0x000001cef3f84b22 sp=0x000000087935ddd8 mode 0
Event: 173.038 Thread 0x000001ced65013a0 DEOPT PACKING pc=0x000001ceecfc757f sp=0x00000008785ceda0
Event: 173.038 Thread 0x000001ced65013a0 DEOPT UNPACKING pc=0x000001cef3f84b22 sp=0x00000008785ce240 mode 0
Event: 173.041 Thread 0x000001ced6503b00 DEOPT PACKING pc=0x000001ceecfc7541 sp=0x0000000877e0ea20
Event: 173.041 Thread 0x000001ced6503b00 DEOPT UNPACKING pc=0x000001cef3f84b22 sp=0x0000000877e0deb8 mode 0
Event: 173.041 Thread 0x000001ced6506260 DEOPT PACKING pc=0x000001ceecfc7541 sp=0x000000087935e940
Event: 173.041 Thread 0x000001ced64fd200 DEOPT PACKING pc=0x000001ceecfc7541 sp=0x00000008749bea00
Event: 173.041 Thread 0x000001ced6506260 DEOPT UNPACKING pc=0x000001cef3f84b22 sp=0x000000087935ddd8 mode 0
Event: 173.041 Thread 0x000001ced64fd200 DEOPT UNPACKING pc=0x000001cef3f84b22 sp=0x00000008749bde98 mode 0
Event: 173.044 Thread 0x000001ced65068f0 DEOPT PACKING pc=0x000001ceecfc757f sp=0x000000087916ebf0
Event: 173.044 Thread 0x000001ced65068f0 DEOPT UNPACKING pc=0x000001cef3f84b22 sp=0x000000087916e090 mode 0
Event: 173.045 Thread 0x000001ced6506260 DEOPT PACKING pc=0x000001ceecfc757f sp=0x000000087935e940
Event: 173.045 Thread 0x000001ced6506260 DEOPT UNPACKING pc=0x000001cef3f84b22 sp=0x000000087935dde0 mode 0
Event: 173.046 Thread 0x000001ced64fd200 DEOPT PACKING pc=0x000001ceecfc7541 sp=0x00000008749bea00
Event: 173.046 Thread 0x000001ced64fd200 DEOPT UNPACKING pc=0x000001cef3f84b22 sp=0x00000008749bde98 mode 0
Event: 173.047 Thread 0x000001ced6506f80 DEOPT PACKING pc=0x000001ceecfc757f sp=0x000000087954ebe0
Event: 173.047 Thread 0x000001ced6506f80 DEOPT UNPACKING pc=0x000001cef3f84b22 sp=0x000000087954e080 mode 0

Classes loaded (20 events):
Event: 155.481 Loading class java/util/stream/Streams$RangeIntSpliterator
Event: 155.482 Loading class java/util/stream/Streams$RangeIntSpliterator done
Event: 155.482 Loading class java/util/stream/IntPipeline$Head
Event: 155.483 Loading class java/util/stream/IntPipeline
Event: 155.485 Loading class java/util/stream/IntPipeline done
Event: 155.486 Loading class java/util/stream/IntPipeline$Head done
Event: 155.487 Loading class java/util/stream/IntPipeline$1
Event: 155.487 Loading class java/util/stream/IntPipeline$1 done
Event: 155.498 Loading class java/util/stream/IntPipeline$1$1
Event: 155.498 Loading class java/util/stream/Sink$ChainedInt
Event: 155.498 Loading class java/util/stream/Sink$OfInt
Event: 155.499 Loading class java/util/stream/Sink$OfInt done
Event: 155.499 Loading class java/util/stream/Sink$ChainedInt done
Event: 155.499 Loading class java/util/stream/IntPipeline$1$1 done
Event: 155.503 Loading class java/util/PriorityQueue
Event: 155.510 Loading class java/util/PriorityQueue done
Event: 157.388 Loading class java/util/stream/ReduceOps$2
Event: 157.388 Loading class java/util/stream/ReduceOps$2 done
Event: 158.475 Loading class java/util/stream/ReduceOps$2ReducingSink
Event: 159.018 Loading class java/util/stream/ReduceOps$2ReducingSink done

Classes unloaded (0 events):
No events

Classes redefined (0 events):
No events

Internal exceptions (20 events):
Event: 133.784 Thread 0x000001cee0fc5a30 Implicit null exception at 0x000001cef46cd711 to 0x000001cef46cd8b7
Event: 152.238 Thread 0x000001cee0fc5a30 Implicit null exception at 0x000001cef4851701 to 0x000001cef4854764
Event: 155.524 Thread 0x000001cee0fc5a30 Exception <a 'java/lang/NoSuchMethodError'{0x0000000513cbb690}: 'int java.lang.invoke.DirectMethodHandle$Holder.invokeStatic(java.lang.Object, java.lang.Object, java.lang.Object, java.lang.Object)'> (0x0000000513cbb690) 
thrown [s\src\hotspot\share\interpreter\linkResolver.cpp, line 796]
Event: 160.770 Thread 0x000001ced6504eb0 Exception <a 'java/lang/NoSuchMethodError'{0x0000000512a5c5d8}: 'int java.lang.invoke.DirectMethodHandle$Holder.invokeSpecial(java.lang.Object, java.lang.Object, java.lang.Object, java.lang.Object, int, int)'> (0x0000000512a5c5d8) 
thrown [s\src\hotspot\share\interpreter\linkResolver.cpp, line 796]
Event: 160.772 Thread 0x000001ced6501a30 Exception <a 'java/lang/NoSuchMethodError'{0x0000000512f91ec8}: 'int java.lang.invoke.DirectMethodHandle$Holder.invokeSpecial(java.lang.Object, java.lang.Object, java.lang.Object, java.lang.Object, int, int)'> (0x0000000512f91ec8) 
thrown [s\src\hotspot\share\interpreter\linkResolver.cpp, line 796]
Event: 160.772 Thread 0x000001ced6507610 Exception <a 'java/lang/NoSuchMethodError'{0x00000005128767c0}: 'int java.lang.invoke.DirectMethodHandle$Holder.invokeSpecial(java.lang.Object, java.lang.Object, java.lang.Object, java.lang.Object, int, int)'> (0x00000005128767c0) 
thrown [s\src\hotspot\share\interpreter\linkResolver.cpp, line 796]
Event: 169.297 Thread 0x000001ced6506260 Exception <a 'java/lang/NoSuchMethodError'{0x00000005120ad4a8}: 'int java.lang.invoke.DirectMethodHandle$Holder.invokeStatic(java.lang.Object, java.lang.Object, int, java.lang.Object, int, int)'> (0x00000005120ad4a8) 
thrown [s\src\hotspot\share\interpreter\linkResolver.cpp, line 796]
Event: 169.297 Thread 0x000001ced65013a0 Exception <a 'java/lang/NoSuchMethodError'{0x0000000513425088}: 'int java.lang.invoke.DirectMethodHandle$Holder.invokeStatic(java.lang.Object, java.lang.Object, int, java.lang.Object, int, int)'> (0x0000000513425088) 
thrown [s\src\hotspot\share\interpreter\linkResolver.cpp, line 796]
Event: 169.311 Thread 0x000001ced6503b00 Exception <a 'java/lang/NoSuchMethodError'{0x00000005130d94f8}: 'java.lang.Object java.lang.invoke.DirectMethodHandle$Holder.newInvokeSpecial(java.lang.Object, java.lang.Object, int, java.lang.Object, int)'> (0x00000005130d94f8) 
thrown [s\src\hotspot\share\interpreter\linkResolver.cpp, line 796]
Event: 169.311 Thread 0x000001ced6506260 Exception <a 'java/lang/NoSuchMethodError'{0x00000005120b2cd8}: 'java.lang.Object java.lang.invoke.DirectMethodHandle$Holder.newInvokeSpecial(java.lang.Object, java.lang.Object, int, java.lang.Object, int)'> (0x00000005120b2cd8) 
thrown [s\src\hotspot\share\interpreter\linkResolver.cpp, line 796]
Event: 169.311 Thread 0x000001ced6506f80 Exception <a 'java/lang/NoSuchMethodError'{0x0000000512e47c40}: 'java.lang.Object java.lang.invoke.DirectMethodHandle$Holder.newInvokeSpecial(java.lang.Object, java.lang.Object, int, java.lang.Object, int)'> (0x0000000512e47c40) 
thrown [s\src\hotspot\share\interpreter\linkResolver.cpp, line 796]
Event: 169.313 Thread 0x000001ced65013a0 Exception <a 'java/lang/NoSuchMethodError'{0x000000051342a8b8}: 'java.lang.Object java.lang.invoke.DirectMethodHandle$Holder.newInvokeSpecial(java.lang.Object, java.lang.Object, int, java.lang.Object, int)'> (0x000000051342a8b8) 
thrown [s\src\hotspot\share\interpreter\linkResolver.cpp, line 796]
Event: 169.313 Thread 0x000001ced65068f0 Exception <a 'java/lang/NoSuchMethodError'{0x00000005135d5c48}: 'java.lang.Object java.lang.invoke.DirectMethodHandle$Holder.newInvokeSpecial(java.lang.Object, java.lang.Object, int, java.lang.Object, int)'> (0x00000005135d5c48) 
thrown [s\src\hotspot\share\interpreter\linkResolver.cpp, line 796]
Event: 169.314 Thread 0x000001ced6505bd0 Exception <a 'java/lang/NoSuchMethodError'{0x00000005137b5ac8}: 'java.lang.Object java.lang.invoke.DirectMethodHandle$Holder.newInvokeSpecial(java.lang.Object, java.lang.Object, int, java.lang.Object, int)'> (0x00000005137b5ac8) 
thrown [s\src\hotspot\share\interpreter\linkResolver.cpp, line 796]
Event: 169.320 Thread 0x000001ced65068f0 Exception <a 'java/lang/NoSuchMethodError'{0x00000005135d9ef0}: 'int java.lang.invoke.DirectMethodHandle$Holder.invokeStatic(java.lang.Object, java.lang.Object, int, int)'> (0x00000005135d9ef0) 
thrown [s\src\hotspot\share\interpreter\linkResolver.cpp, line 796]
Event: 169.321 Thread 0x000001ced6505bd0 Exception <a 'java/lang/NoSuchMethodError'{0x00000005137b9b50}: 'int java.lang.invoke.DirectMethodHandle$Holder.invokeStatic(java.lang.Object, java.lang.Object, int, int)'> (0x00000005137b9b50) 
thrown [s\src\hotspot\share\interpreter\linkResolver.cpp, line 796]
Event: 169.323 Thread 0x000001ced6507610 Exception <a 'java/lang/NoSuchMethodError'{0x000000051287c468}: 'int java.lang.invoke.DirectMethodHandle$Holder.invokeStatic(java.lang.Object, java.lang.Object, int, java.lang.Object, int, int)'> (0x000000051287c468) 
thrown [s\src\hotspot\share\interpreter\linkResolver.cpp, line 796]
Event: 169.324 Thread 0x000001ced64fd200 Exception <a 'java/lang/NoSuchMethodError'{0x0000000513259278}: 'int java.lang.invoke.DirectMethodHandle$Holder.invokeStatic(java.lang.Object, java.lang.Object, int, java.lang.Object, int, int)'> (0x0000000513259278) 
thrown [s\src\hotspot\share\interpreter\linkResolver.cpp, line 796]
Event: 169.379 Thread 0x000001ced6504eb0 Exception <a 'java/lang/NoSuchMethodError'{0x0000000512a67ee8}: 'java.lang.Object java.lang.invoke.DirectMethodHandle$Holder.newInvokeSpecial(java.lang.Object, java.lang.Object, int, java.lang.Object, int)'> (0x0000000512a67ee8) 
thrown [s\src\hotspot\share\interpreter\linkResolver.cpp, line 796]
Event: 169.386 Thread 0x000001cee0fc5a30 Exception <a 'java/lang/NoSuchMethodError'{0x0000000513d78448}: 'java.lang.Object java.lang.invoke.DirectMethodHandle$Holder.newInvokeSpecial(java.lang.Object, java.lang.Object, int, java.lang.Object, int)'> (0x0000000513d78448) 
thrown [s\src\hotspot\share\interpreter\linkResolver.cpp, line 796]

VM Operations (20 events):
Event: 132.442 Executing VM operation: HandshakeAllThreads (Deoptimize) done
Event: 133.625 Executing VM operation: HandshakeAllThreads (Deoptimize)
Event: 133.641 Executing VM operation: HandshakeAllThreads (Deoptimize) done
Event: 133.813 Executing VM operation: HandshakeAllThreads (Deoptimize)
Event: 133.821 Executing VM operation: HandshakeAllThreads (Deoptimize) done
Event: 136.996 Executing VM operation: G1CollectForAllocation (G1 Evacuation Pause)
Event: 137.098 Executing VM operation: G1CollectForAllocation (G1 Evacuation Pause) done
Event: 137.419 Executing VM operation: G1CollectFull (System.gc())
Event: 137.666 Executing VM operation: G1CollectFull (System.gc()) done
Event: 140.067 Executing VM operation: G1CollectForAllocation (G1 Evacuation Pause)
Event: 140.121 Executing VM operation: G1CollectForAllocation (G1 Evacuation Pause) done
Event: 140.432 Executing VM operation: G1CollectFull (System.gc())
Event: 140.799 Executing VM operation: G1CollectFull (System.gc()) done
Event: 153.515 Executing VM operation: G1CollectForAllocation (G1 Evacuation Pause)
Event: 153.611 Executing VM operation: G1CollectForAllocation (G1 Evacuation Pause) done
Event: 170.392 Executing VM operation: G1CollectForAllocation (G1 Evacuation Pause)
Event: 172.101 Executing VM operation: G1CollectForAllocation (G1 Evacuation Pause) done
Event: 172.446 Executing VM operation: G1CollectForAllocation (G1 Evacuation Pause)
Event: 172.558 Executing VM operation: G1CollectForAllocation (G1 Evacuation Pause) done
Event: 173.047 Executing VM operation: G1CollectForAllocation (G1 Evacuation Pause)

Memory protections (0 events):
No events

Nmethod flushes (20 events):
Event: 140.711 Thread 0x000001cee168e730 flushing  nmethod 0x000001ceece3e208
Event: 140.711 Thread 0x000001cee168e730 flushing  nmethod 0x000001ceece40008
Event: 140.711 Thread 0x000001cee168e730 flushing  nmethod 0x000001ceecf72888
Event: 140.711 Thread 0x000001cee168e730 flushing  nmethod 0x000001ceecf81a08
Event: 140.711 Thread 0x000001cee168e730 flushing  nmethod 0x000001cef4663788
Event: 140.711 Thread 0x000001cee168e730 flushing  nmethod 0x000001cef4663c88
Event: 140.711 Thread 0x000001cee168e730 flushing  nmethod 0x000001cef46a5188
Event: 140.711 Thread 0x000001cee168e730 flushing  nmethod 0x000001cef4814a08
Event: 140.711 Thread 0x000001cee168e730 flushing  nmethod 0x000001ceeca76008
Event: 140.711 Thread 0x000001cee168e730 flushing  nmethod 0x000001ceecaa8408
Event: 140.711 Thread 0x000001cee168e730 flushing  nmethod 0x000001ceecaa8788
Event: 140.711 Thread 0x000001cee168e730 flushing  nmethod 0x000001ceecadff08
Event: 140.711 Thread 0x000001cee168e730 flushing  nmethod 0x000001ceecc57608
Event: 140.711 Thread 0x000001cee168e730 flushing  nmethod 0x000001ceecc8cc88
Event: 140.711 Thread 0x000001cee168e730 flushing  nmethod 0x000001ceecc8d588
Event: 140.711 Thread 0x000001cee168e730 flushing  nmethod 0x000001ceeccca308
Event: 140.711 Thread 0x000001cee168e730 flushing  nmethod 0x000001ceece08908
Event: 140.711 Thread 0x000001cee168e730 flushing  nmethod 0x000001ceece35f08
Event: 140.711 Thread 0x000001cee168e730 flushing  nmethod 0x000001ceece36508
Event: 140.711 Thread 0x000001cee168e730 flushing  nmethod 0x000001ceecf50608

Events (20 events):
Event: 134.383 Thread 0x000001ced712d420 Thread exited: 0x000001ced712d420
Event: 134.978 Thread 0x000001ced7127b90 Thread exited: 0x000001ced7127b90
Event: 136.561 Thread 0x000001cee142d810 Thread added: 0x000001ced7127b90
Event: 136.833 Thread 0x000001ced7127b90 Thread exited: 0x000001ced7127b90
Event: 143.689 Thread 0x000001ced6503b00 Thread exited: 0x000001ced6503b00
Event: 146.891 Thread 0x000001cee142a190 Thread added: 0x000001ced71296d0
Event: 146.907 Thread 0x000001cee142a190 Thread added: 0x000001ced7129da0
Event: 147.448 Thread 0x000001ced7129da0 Thread exited: 0x000001ced7129da0
Event: 147.448 Thread 0x000001ced71296d0 Thread exited: 0x000001ced71296d0
Event: 155.498 Thread 0x000001cee0fc5a30 Thread added: 0x000001ced64fd200
Event: 155.498 Thread 0x000001cee0fc5a30 Thread added: 0x000001ced6503b00
Event: 155.588 Thread 0x000001ced6503b00 Thread added: 0x000001ced65013a0
Event: 156.527 Thread 0x000001ced6503b00 Thread added: 0x000001ced6504eb0
Event: 156.527 Thread 0x000001ced6503b00 Thread added: 0x000001ced6501a30
Event: 156.626 Thread 0x000001ced6503b00 Thread added: 0x000001ced6507610
Event: 156.627 Thread 0x000001ced64fd200 Thread added: 0x000001ced6505540
Event: 156.627 Thread 0x000001ced64fd200 Thread added: 0x000001ced6505bd0
Event: 156.958 Thread 0x000001ced65013a0 Thread added: 0x000001ced65068f0
Event: 157.067 Thread 0x000001ced65013a0 Thread added: 0x000001ced6506260
Event: 157.067 Thread 0x000001ced65013a0 Thread added: 0x000001ced6506f80


Dynamic libraries:
0x00007ff69e590000 - 0x00007ff69e5ac000 	c:\Users\brand\anaconda3\envs\roda\python.exe
0x00007ffe19360000 - 0x00007ffe195c8000 	C:\WINDOWS\SYSTEM32\ntdll.dll
0x00007ffe18010000 - 0x00007ffe180d9000 	C:\WINDOWS\System32\KERNEL32.DLL
0x00007ffe16880000 - 0x00007ffe16c72000 	C:\WINDOWS\System32\KERNELBASE.dll
0x00007ffe16db0000 - 0x00007ffe16efb000 	C:\WINDOWS\System32\ucrtbase.dll
0x00007ffe0a550000 - 0x00007ffe0a56e000 	c:\Users\brand\anaconda3\envs\roda\VCRUNTIME140.dll
0x00007ffd98bf0000 - 0x00007ffd99226000 	c:\Users\brand\anaconda3\envs\roda\python311.dll
0x00007ffe17130000 - 0x00007ffe171a4000 	C:\WINDOWS\System32\WS2_32.dll
0x00007ffe187c0000 - 0x00007ffe188d8000 	C:\WINDOWS\System32\RPCRT4.dll
0x00007ffe18260000 - 0x00007ffe18314000 	C:\WINDOWS\System32\ADVAPI32.dll
0x00007ffe188e0000 - 0x00007ffe18989000 	C:\WINDOWS\System32\msvcrt.dll
0x00007ffe17860000 - 0x00007ffe17906000 	C:\WINDOWS\System32\sechost.dll
0x00007ffe0dd00000 - 0x00007ffe0dd0b000 	C:\WINDOWS\SYSTEM32\VERSION.dll
0x00007ffe163e0000 - 0x00007ffe16406000 	C:\WINDOWS\SYSTEM32\bcrypt.dll
0x00007ffe093d0000 - 0x00007ffe093ea000 	c:\Users\brand\anaconda3\envs\roda\zlib.dll
0x00007ffe164f0000 - 0x00007ffe16588000 	C:\WINDOWS\System32\bcryptprimitives.dll
0x000001cedc530000 - 0x000001cedc53f000 	c:\Users\brand\anaconda3\envs\roda\python3.DLL
0x00007ffdfc440000 - 0x00007ffdfc456000 	c:\Users\brand\anaconda3\envs\roda\DLLs\_socket.pyd
0x00007ffe14de0000 - 0x00007ffe14e14000 	C:\WINDOWS\SYSTEM32\IPHLPAPI.DLL
0x00007ffe0f500000 - 0x00007ffe0f509000 	c:\Users\brand\anaconda3\envs\roda\DLLs\select.pyd
0x00007ffdde280000 - 0x00007ffdde2ae000 	c:\Users\brand\anaconda3\envs\roda\DLLs\_ssl.pyd
0x00007ffe16700000 - 0x00007ffe16877000 	C:\WINDOWS\System32\CRYPT32.dll
0x00007ffd0dd40000 - 0x00007ffd0e428000 	c:\Users\brand\anaconda3\envs\roda\Library\bin\libcrypto-3-x64.dll
0x00007ffe17480000 - 0x00007ffe17645000 	C:\WINDOWS\System32\USER32.dll
0x00007ffe17100000 - 0x00007ffe17127000 	C:\WINDOWS\System32\win32u.dll
0x00007ffe171b0000 - 0x00007ffe171db000 	C:\WINDOWS\System32\GDI32.dll
0x00007ffe16c80000 - 0x00007ffe16dad000 	C:\WINDOWS\System32\gdi32full.dll
0x00007ffe17050000 - 0x00007ffe170f3000 	C:\WINDOWS\System32\msvcp_win.dll
0x00007ffd87c50000 - 0x00007ffd87d93000 	c:\Users\brand\anaconda3\envs\roda\Library\bin\libssl-3-x64.dll
0x00007ffe17910000 - 0x00007ffe1793f000 	C:\WINDOWS\System32\IMM32.DLL
0x00007ffde6c20000 - 0x00007ffde6c31000 	c:\Users\brand\anaconda3\envs\roda\DLLs\_asyncio.pyd
0x00007ffdfc190000 - 0x00007ffdfc19e000 	c:\Users\brand\anaconda3\envs\roda\DLLs\_overlapped.pyd
0x00007ffe15950000 - 0x00007ffe159bb000 	C:\WINDOWS\system32\mswsock.dll
0x00007ffe0e0e0000 - 0x00007ffe0e0eb000 	c:\Users\brand\anaconda3\envs\roda\DLLs\_bz2.pyd
0x00007ffdfc1a0000 - 0x00007ffdfc1b5000 	c:\Users\brand\anaconda3\envs\roda\Library\bin\libbz2.dll
0x00007ffe0b5a0000 - 0x00007ffe0b5ad000 	c:\Users\brand\anaconda3\envs\roda\DLLs\_lzma.pyd
0x00007ffde4a70000 - 0x00007ffde4aa2000 	c:\Users\brand\anaconda3\envs\roda\Library\bin\liblzma.dll
0x00007ffdf0480000 - 0x00007ffdf0490000 	c:\Users\brand\anaconda3\envs\roda\DLLs\_hashlib.pyd
0x00007ffdc1aa0000 - 0x00007ffdc1aeb000 	c:\Users\brand\anaconda3\envs\roda\DLLs\_decimal.pyd
0x00007ffd54080000 - 0x00007ffd54358000 	c:\Users\brand\anaconda3\envs\roda\Lib\site-packages\numpy\core\_multiarray_umath.cp311-win_amd64.pyd
0x00007ffce4df0000 - 0x00007ffce66b2000 	c:\Users\brand\anaconda3\envs\roda\Library\bin\libcblas.dll
0x00007ffdece80000 - 0x00007ffdece94000 	c:\Users\brand\anaconda3\envs\roda\Lib\site-packages\numpy\core\_multiarray_tests.cp311-win_amd64.pyd
0x00007ffdf7050000 - 0x00007ffdf7071000 	c:\Users\brand\anaconda3\envs\roda\DLLs\_ctypes.pyd
0x00007ffe19180000 - 0x00007ffe19318000 	C:\WINDOWS\System32\ole32.dll
0x00007ffe17950000 - 0x00007ffe17ccb000 	C:\WINDOWS\System32\combase.dll
0x00007ffe0af50000 - 0x00007ffe0af5b000 	c:\Users\brand\anaconda3\envs\roda\Library\bin\ffi-8.dll
0x00007ffe17ec0000 - 0x00007ffe17f97000 	C:\WINDOWS\System32\OLEAUT32.dll
0x00007ffde4b20000 - 0x00007ffde4b3d000 	c:\Users\brand\anaconda3\envs\roda\Lib\site-packages\numpy\linalg\_umath_linalg.cp311-win_amd64.pyd
0x00007ffce3520000 - 0x00007ffce4de2000 	c:\Users\brand\anaconda3\envs\roda\Library\bin\libblas.dll
0x00007ffce1c50000 - 0x00007ffce3512000 	c:\Users\brand\anaconda3\envs\roda\Library\bin\liblapack.dll
0x00007ffde4b00000 - 0x00007ffde4b1e000 	c:\Users\brand\anaconda3\envs\roda\Lib\site-packages\numpy\fft\_pocketfft_internal.cp311-win_amd64.pyd
0x00007ffdd4630000 - 0x00007ffdd46c7000 	c:\Users\brand\anaconda3\envs\roda\Lib\site-packages\numpy\random\mtrand.cp311-win_amd64.pyd
0x00007ffddbef0000 - 0x00007ffddbf1c000 	c:\Users\brand\anaconda3\envs\roda\Lib\site-packages\numpy\random\bit_generator.cp311-win_amd64.pyd
0x00007ffdd78e0000 - 0x00007ffdd790f000 	c:\Users\brand\anaconda3\envs\roda\Lib\site-packages\numpy\random\_common.cp311-win_amd64.pyd
0x00007ffdce7b0000 - 0x00007ffdce7f3000 	c:\Users\brand\anaconda3\envs\roda\Lib\site-packages\numpy\random\_bounded_integers.cp311-win_amd64.pyd
0x00007ffde4ae0000 - 0x00007ffde4af6000 	c:\Users\brand\anaconda3\envs\roda\Lib\site-packages\numpy\random\_mt19937.cp311-win_amd64.pyd
0x00007ffde2630000 - 0x00007ffde2645000 	c:\Users\brand\anaconda3\envs\roda\Lib\site-packages\numpy\random\_philox.cp311-win_amd64.pyd
0x00007ffddee90000 - 0x00007ffddeea9000 	c:\Users\brand\anaconda3\envs\roda\Lib\site-packages\numpy\random\_pcg64.cp311-win_amd64.pyd
0x00007ffdede10000 - 0x00007ffdede20000 	c:\Users\brand\anaconda3\envs\roda\Lib\site-packages\numpy\random\_sfc64.cp311-win_amd64.pyd
0x00007ffd9d550000 - 0x00007ffd9d5ff000 	c:\Users\brand\anaconda3\envs\roda\Lib\site-packages\numpy\random\_generator.cp311-win_amd64.pyd
0x00007ffcd1c20000 - 0x00007ffcd507b000 	c:\Users\brand\anaconda3\envs\roda\Library\bin\mkl_intel_thread.2.dll
0x00007ffccd130000 - 0x00007ffcd1c1a000 	c:\Users\brand\anaconda3\envs\roda\Library\bin\mkl_core.2.dll
0x00007ffcca7b0000 - 0x00007ffccd126000 	c:\Users\brand\anaconda3\envs\roda\Library\bin\mkl_avx2.2.dll
0x00007ffce0d70000 - 0x00007ffce1c50000 	c:\Users\brand\anaconda3\envs\roda\Library\bin\mkl_vml_avx2.2.dll
0x00007ffe0e540000 - 0x00007ffe0e547000 	c:\Users\brand\anaconda3\envs\roda\Lib\site-packages\lz4\_version.cp311-win_amd64.pyd
0x00007ffdd4930000 - 0x00007ffdd4953000 	c:\Users\brand\anaconda3\envs\roda\Library\bin\lz4.dll
0x00007ffe0e530000 - 0x00007ffe0e53d000 	c:\Users\brand\anaconda3\envs\roda\Lib\site-packages\lz4\frame\_frame.cp311-win_amd64.pyd
0x00007ffdf0080000 - 0x00007ffdf0088000 	c:\Users\brand\anaconda3\envs\roda\DLLs\_uuid.pyd
0x00007ffe0c6c0000 - 0x00007ffe0c6c9000 	c:\Users\brand\anaconda3\envs\roda\DLLs\_queue.pyd
0x00007ffdd45b0000 - 0x00007ffdd45b9000 	c:\Users\brand\anaconda3\envs\roda\DLLs\_multiprocessing.pyd
0x00007ffde2ac0000 - 0x00007ffde2ad5000 	c:\Users\brand\anaconda3\envs\roda\Lib\site-packages\psutil\_psutil_windows.cp311-win_amd64.pyd
0x00007ffe187b0000 - 0x00007ffe187b8000 	C:\WINDOWS\System32\PSAPI.DLL
0x00007ffe189f0000 - 0x00007ffe1913d000 	C:\WINDOWS\System32\SHELL32.dll
0x00007ffe16590000 - 0x00007ffe166fb000 	C:\WINDOWS\System32\wintypes.dll
0x00007ffe15120000 - 0x00007ffe1517e000 	C:\WINDOWS\SYSTEM32\POWRPROF.dll
0x00007ffdf68a0000 - 0x00007ffdf68f6000 	C:\WINDOWS\SYSTEM32\pdh.dll
0x00007ffe15100000 - 0x00007ffe15114000 	C:\WINDOWS\SYSTEM32\UMPDC.dll
0x00007ffe13130000 - 0x00007ffe1315a000 	C:\WINDOWS\SYSTEM32\wtsapi32.dll
0x00007ffe15680000 - 0x00007ffe156c9000 	C:\WINDOWS\SYSTEM32\SspiCli.dll
0x00007ffd247a0000 - 0x00007ffd24af7000 	c:\Users\brand\anaconda3\envs\roda\Lib\site-packages\pyarrow\lib.cp311-win_amd64.pyd
0x00007ffd802e0000 - 0x00007ffd80422000 	c:\Users\brand\anaconda3\envs\roda\Lib\site-packages\pyarrow\arrow_python.dll
0x00007ffda68c0000 - 0x00007ffda694d000 	c:\Users\brand\anaconda3\envs\roda\MSVCP140.dll
0x00007ffe093c0000 - 0x00007ffe093cc000 	c:\Users\brand\anaconda3\envs\roda\VCRUNTIME140_1.dll
0x00007ffcc76d0000 - 0x00007ffcc8af2000 	c:\Users\brand\anaconda3\envs\roda\Library\bin\arrow.dll
0x00007ffd98760000 - 0x00007ffd9888e000 	c:\Users\brand\anaconda3\envs\roda\Library\bin\re2.dll
0x00007ffda2b00000 - 0x00007ffda2b5c000 	c:\Users\brand\anaconda3\envs\roda\Library\bin\utf8proc.dll
0x00007ffd95820000 - 0x00007ffd958c5000 	c:\Users\brand\anaconda3\envs\roda\Library\bin\libcurl.dll
0x00007ffdedde0000 - 0x00007ffdeddeb000 	c:\Users\brand\anaconda3\envs\roda\Library\bin\crc32c.dll
0x00007ffe177c0000 - 0x00007ffe17835000 	C:\WINDOWS\System32\WLDAP32.dll
0x00007ffdd7830000 - 0x00007ffdd7852000 	c:\Users\brand\anaconda3\envs\roda\Library\bin\aws-cpp-sdk-identity-management.dll
0x00007ffd18c70000 - 0x00007ffd18ed8000 	c:\Users\brand\anaconda3\envs\roda\Library\bin\aws-cpp-sdk-s3.dll
0x00007ffd53310000 - 0x00007ffd534a6000 	c:\Users\brand\anaconda3\envs\roda\Library\bin\aws-cpp-sdk-core.dll
0x00007ffda27f0000 - 0x00007ffda2866000 	c:\Users\brand\anaconda3\envs\roda\Library\bin\aws-crt-cpp.dll
0x00007ffe15e20000 - 0x00007ffe15e50000 	C:\WINDOWS\SYSTEM32\ncrypt.dll
0x00007ffd148d0000 - 0x00007ffd14c21000 	c:\Users\brand\anaconda3\envs\roda\Library\bin\orc.dll
0x00007ffd8d520000 - 0x00007ffd8d5c7000 	c:\Users\brand\anaconda3\envs\roda\Library\bin\zstd.dll
0x00007ffd182f0000 - 0x00007ffd184c8000 	c:\Users\brand\anaconda3\envs\roda\Library\bin\abseil_dll.dll
0x00007ffd0da00000 - 0x00007ffd0dd35000 	c:\Users\brand\anaconda3\envs\roda\Library\bin\brotlienc.dll
0x00007ffddee00000 - 0x00007ffddee11000 	c:\Users\brand\anaconda3\envs\roda\Library\bin\brotlidec.dll
0x00007ffdd8df0000 - 0x00007ffdd8e08000 	c:\Users\brand\anaconda3\envs\roda\Library\bin\snappy.dll
0x00007ffdaedd0000 - 0x00007ffdaee13000 	c:\Users\brand\anaconda3\envs\roda\Library\bin\libssh2.dll
0x00007ffd87bd0000 - 0x00007ffd87c42000 	c:\Users\brand\anaconda3\envs\roda\Library\bin\aws-cpp-sdk-cognito-identity.dll
0x00007ffdae850000 - 0x00007ffdae894000 	c:\Users\brand\anaconda3\envs\roda\Library\bin\aws-cpp-sdk-sts.dll
0x00007ffe159f0000 - 0x00007ffe15a1b000 	C:\WINDOWS\SYSTEM32\USERENV.dll
0x00007ffdcecb0000 - 0x00007ffdcece9000 	c:\Users\brand\anaconda3\envs\roda\Library\bin\aws-c-common.dll
0x00007ffe00c10000 - 0x00007ffe00e99000 	C:\WINDOWS\SYSTEM32\WININET.dll
0x00007ffe0eea0000 - 0x00007ffe0efbf000 	C:\WINDOWS\SYSTEM32\WINHTTP.dll
0x00007ffe17fa0000 - 0x00007ffe18002000 	C:\WINDOWS\System32\SHLWAPI.dll
0x00007ffdca630000 - 0x00007ffdca649000 	c:\Users\brand\anaconda3\envs\roda\Library\bin\aws-c-event-stream.dll
0x00007ffd93b00000 - 0x00007ffd93b5a000 	c:\Users\brand\anaconda3\envs\roda\Library\bin\aws-c-http.dll
0x00007ffd878f0000 - 0x00007ffd87945000 	c:\Users\brand\anaconda3\envs\roda\Library\bin\aws-c-mqtt.dll
0x00007ffdc9950000 - 0x00007ffdc9962000 	c:\Users\brand\anaconda3\envs\roda\Library\bin\aws-c-cal.dll
0x00007ffda8650000 - 0x00007ffda8686000 	c:\Users\brand\anaconda3\envs\roda\Library\bin\aws-c-auth.dll
0x00007ffda6870000 - 0x00007ffda68b9000 	c:\Users\brand\anaconda3\envs\roda\Library\bin\aws-c-io.dll
0x00007ffdc98f0000 - 0x00007ffdc9909000 	c:\Users\brand\anaconda3\envs\roda\Library\bin\aws-checksums.dll
0x00007ffd9f6e0000 - 0x00007ffd9f713000 	c:\Users\brand\anaconda3\envs\roda\Library\bin\aws-c-s3.dll
0x00007ffdc6c30000 - 0x00007ffdc6c4b000 	c:\Users\brand\anaconda3\envs\roda\Library\bin\aws-c-sdkutils.dll
0x00007ffce00f0000 - 0x00007ffce0d6e000 	c:\Users\brand\anaconda3\envs\roda\Library\bin\libprotobuf.dll
0x00007ffe13e60000 - 0x00007ffe140a2000 	C:\WINDOWS\SYSTEM32\dbghelp.dll
0x00007ffdc4840000 - 0x00007ffdc4867000 	c:\Users\brand\anaconda3\envs\roda\Library\bin\brotlicommon.dll
0x00007ffe13120000 - 0x00007ffe1312d000 	C:\WINDOWS\SYSTEM32\Secur32.dll
0x00007ffded240000 - 0x00007ffded249000 	c:\Users\brand\anaconda3\envs\roda\Library\bin\aws-c-compression.dll
0x00007ffded0d0000 - 0x00007ffded0d7000 	c:\Users\brand\anaconda3\envs\roda\Library\bin\utf8_validity.dll
0x00007ffe15c20000 - 0x00007ffe15c2c000 	C:\WINDOWS\SYSTEM32\CRYPTBASE.DLL
0x00007ffe15dd0000 - 0x00007ffe15e0f000 	C:\WINDOWS\SYSTEM32\NTASN1.dll
0x00007ffdece70000 - 0x00007ffdece7b000 	c:\Users\brand\anaconda3\envs\roda\Lib\site-packages\pandas\_libs\pandas_parser.cp311-win_amd64.pyd
0x00007ffdec670000 - 0x00007ffdec67b000 	c:\Users\brand\anaconda3\envs\roda\Lib\site-packages\pandas\_libs\pandas_datetime.cp311-win_amd64.pyd
0x00007ffd53f60000 - 0x00007ffd54071000 	c:\Users\brand\anaconda3\envs\roda\Lib\site-packages\pandas\_libs\interval.cp311-win_amd64.pyd

dbghelp: loaded successfully - version: 4.0.5 - missing functions: none
symbol engine: initialized successfully - sym options: 0x614 - pdb path: .;c:\Users\brand\anaconda3\envs\roda;C:\WINDOWS\SYSTEM32;c:\Users\brand\anaconda3\envs\roda\DLLs;c:\Users\brand\anaconda3\envs\roda\Library\bin;c:\Users\brand\anaconda3\envs\roda\Lib\site-packages\numpy\core;c:\Users\brand\anaconda3\envs\roda\Lib\site-packages\numpy\linalg;c:\Users\brand\anaconda3\envs\roda\Lib\site-packages\numpy\fft;c:\Users\brand\anaconda3\envs\roda\Lib\site-packages\numpy\random;c:\Users\brand\anaconda3\envs\roda\Lib\site-packages\lz4;c:\Users\brand\anaconda3\envs\roda\Lib\site-packages\lz4\frame;c:\Users\brand\anaconda3\envs\roda\Lib\site-packages\psutil;c:\Users\brand\anaconda3\envs\roda\Lib\site-packages\pyarrow;c:\Users\brand\anaconda3\envs\roda\Lib\site-packages\pandas\_libs;c:\Users\brand\anaconda3\envs\roda\Lib\site-packages\pandas\_libs\tslibs;c:\Users\brand\anaconda3\envs\roda\Lib\site-packages\numexpr;c:\Users\brand\anaconda3\envs\roda\Lib\site-packages\bottleneck;c:\Users\brand\anaconda3\envs\roda\Lib\site-packages\pandas\_libs\window;c:\Users\brand\anaconda3\envs\roda\Lib\site-packages\shapely;c:\Users\brand\anaconda3\envs\roda\Lib\site-packages\pyproj;c:\Users\brand\anaconda3\envs\roda\Lib\site-packages;c:\Users\brand\anaconda3\envs\roda\Lib\site-packages\simplejson;c:\Users\brand\anaconda3\envs\roda\Lib\site-packages\sklearn\__check_build;C:\Users\brand\anaconda3\envs\roda\Library\lib\jvm\bin\server;C:\Users\brand\anaconda3\envs\roda\Library\lib\jvm\bin;c:\Users\brand\anaconda3\envs\roda\Lib\site-packages\scipy\_lib;c:\Users\brand\anaconda3\envs\roda\Lib\site-packages\scipy\sparse;c:\Users\brand\anaconda3\envs\roda\Lib\site-packages\scipy\linalg;c:\Users\brand\anaconda3\envs\roda\Lib\site-packages\scipy\sparse\linalg\_dsolve;c:\Users\brand\anaconda3\envs\roda\Lib\site-packages\scipy\sparse\linalg\_eigen\arpack;c:\Users\brand\anaconda3\envs\roda\Lib\site-packages\scipy\sparse\linalg\_propack;c:\Users\brand\anaconda3\envs\roda\Lib\site-packages\scipy\sparse\csgraph;c:\Users\brand\anaconda3\envs\roda\Lib\site-packages\scipy\special;c:\Users\brand\anaconda3\envs\roda\Lib\site-packages\scipy\spatial;c:\Users\brand\anaconda3\envs\roda\Lib\site-packages\scipy\spatial\transform;c:\Users\brand\anaconda3\envs\roda\Lib\site-packages\scipy\optimize;c:\Users\brand\anaconda3\envs\roda\Lib\site-packages\scipy\optimize\_trlib;c:\Users\brand\anaconda3\envs\roda\Lib\site-packages\scipy\optimize\_lsq;c:\Users\brand\anaconda3\envs\roda\Lib\site-packages\scipy\optimize\_highspy;c:\Users\brand\anaconda3\envs\roda\Lib\site-packages\scipy\_lib\_uarray;c:\Users\brand\anaconda3\envs\roda\Lib\site-packages\scipy\fft\_pocketfft;c:\Users\brand\anaconda3\envs\roda\Lib\site-packages\scipy\integrate;c:\Users\brand\anaconda3\envs\roda\Lib\site-packages\scipy\interpolate;c:\Users\brand\anaconda3\envs\roda\Lib\site-packages\scipy\stats;c:\Users\brand\anaconda3\envs\roda\Lib\site-packages\scipy\stats\_levy_stable;c:\Users\brand\anaconda3\envs\roda\Lib\site-packages\scipy\stats\_rcont;c:\Users\brand\anaconda3\envs\roda\Lib\site-packages\scipy\ndimage;c:\Users\brand\anaconda3\envs\roda\Lib\site-packages\sklearn\utils;c:\Users\brand\anaconda3\envs\roda\Lib\site-packages\sklearn\metrics\cluster;c:\Users\brand\anaconda3\envs\roda\Lib\site-packages\sklearn\preprocessing;c:\Users\brand\anaconda3\envs\roda\Lib\site-packages\sklearn\metrics;c:\Users\brand\anaconda3\envs\roda\Lib\site-packages\sklearn\metrics\_pairwise_distances_reduction;c:\Users\brand\anaconda3\envs\roda\Lib\site-packages\sklearn\cluster;c:\Users\brand\anaconda3\envs\roda\Lib\site-packages\sklearn\neighbors;c:\Users\brand\anaconda3\envs\roda\Lib\site-packages\sklearn\linear_model;c:\Users\brand\anaconda3\envs\roda\Lib\site-packages\sklearn\_loss;c:\Users\brand\anaconda3\envs\roda\Lib\site-packages\sklearn\svm;c:\Users\brand\anaconda3\envs\roda\Lib\site-packages\sklearn\decomposition;c:\Users\brand\anaconda3\envs\roda\Lib\site-packages\sklearn\cluster\_hdbscan;c:\Users\brand\anaconda3\envs\roda\Lib\site-packages\sklearn;c:\Users\brand\anaconda3\envs\roda\Lib\site-packages\sklearn\manifold;c:\Users\brand\anaconda3\envs\roda\Lib\site-packages\sklearn\tree;c:\Users\brand\anaconda3\envs\roda\Lib\site-packages\rasterio;c:\Users\brand\anaconda3\envs\roda\Lib\site-packages\simplification

VM Arguments:
jvm_args: -Xmx13586471322 -XX:+RestoreMXCSROnJNICalls -Xcheck:jni -Xrs -Duser.language=en -Duser.country=US -Duser.variant= -Djava.io.tmpdir=C:\Users\brand\AppData\Local\Temp\r5pywe3c_pk4 
java_command: <unknown>
java_class_path (initial): C:\Users\brand\AppData\Local\r5py\r5-v7.4-r5py-all.jar;c:\Users\brand\anaconda3\envs\roda\Lib\site-packages\org.jpype.jar
Launcher Type: generic

[Global flags]
     intx CICompilerCount                          = 4                                         {product} {ergonomic}
     uint ConcGCThreads                            = 3                                         {product} {ergonomic}
     uint G1ConcRefinementThreads                  = 10                                        {product} {ergonomic}
   size_t G1HeapRegionSize                         = 8388608                                   {product} {ergonomic}
   size_t InitialHeapSize                          = 268435456                                 {product} {ergonomic}
   size_t MarkStackSize                            = 4194304                                   {product} {ergonomic}
   size_t MarkStackSizeMax                         = 536870912                                 {product} {ergonomic}
   size_t MaxHeapSize                              = 13589544960                               {product} {command line, ergonomic}
   size_t MaxNewSize                               = 8153726976                                {product} {ergonomic}
   size_t MinHeapDeltaBytes                        = 8388608                                   {product} {ergonomic}
   size_t MinHeapSize                              = 8388608                                   {product} {ergonomic}
    uintx NonNMethodCodeHeapSize                   = 5832704                                {pd product} {ergonomic}
    uintx NonProfiledCodeHeapSize                  = 122945536                              {pd product} {ergonomic}
    uintx ProfiledCodeHeapSize                     = 122880000                              {pd product} {ergonomic}
     bool ReduceSignalUsage                        = true                                      {product} {command line}
    uintx ReservedCodeCacheSize                    = 251658240                              {pd product} {ergonomic}
     bool RestoreMXCSROnJNICalls                   = true                                      {product} {command line}
     bool SegmentedCodeCache                       = true                                      {product} {ergonomic}
   size_t SoftMaxHeapSize                          = 13589544960                            {manageable} {ergonomic}
     bool UseCompressedOops                        = true                           {product lp64_product} {ergonomic}
     bool UseG1GC                                  = true                                      {product} {ergonomic}
     bool UseLargePagesIndividualAllocation        = false                                  {pd product} {ergonomic}

Logging:
Log output configuration:
 #0: stdout all=warning uptime,level,tags foldmultilines=false
 #1: stderr all=off uptime,level,tags foldmultilines=false

Environment Variables:
JAVA_HOME=C:\Users\brand\anaconda3\envs\roda\Library
PATH=c:\Users\brand\anaconda3\envs\roda;C:\Users\brand\anaconda3\envs\roda;C:\Users\brand\anaconda3\envs\roda\Library\mingw-w64\bin;C:\Users\brand\anaconda3\envs\roda\Library\usr\bin;C:\Users\brand\anaconda3\envs\roda\Library\bin;C:\Users\brand\anaconda3\envs\roda\Scripts;C:\Users\brand\anaconda3\envs\roda\bin;C:\Users\brand\AppData\Local\Temp\_MEI252562\pywin32_system32;C:\Python313\Scripts\;C:\Python313\;C:\Program Files\NVIDIA GPU Computing Toolkit\CUDA\v12.6\bin;C:\Program Files\NVIDIA GPU Computing Toolkit\CUDA\v12.6\libnvvp;C:\Windows\system32;C:\Windows;C:\Windows\System32\Wbem;C:\Windows\System32\WindowsPowerShell\v1.0\;C:\Windows\System32\OpenSSH\;C:\Program Files (x86)\NVIDIA Corporation\PhysX\Common;C:\WINDOWS\system32;C:\WINDOWS;C:\WINDOWS\System32\Wbem;C:\WINDOWS\System32\WindowsPowerShell\v1.0\;C:\WINDOWS\System32\OpenSSH\;C:\Program Files\dotnet\;C:\Program Files (x86)\dotnet\;C:\Program Files\Git\cmd;C:\Program Files (x86)\ZeroTier\One\;C:\Program Files (x86)\Windows Kits\10\Windows Performance Toolkit\;C:\Users\brand\anaconda3;C:\Users\brand\anaconda3\Scripts;C:\Users\brand\anaconda3\Library\bin;C:\Program Files\NVIDIA Corporation\Nsight Compute 2024.3.0\;;C:\Program Files\NVIDIA Corporation\NVIDIA App\NvDLISR;C:\Program Files\nodejs\;C:\ProgramData\chocolatey\bin;C:\Users\brand\AppData\Local\Microsoft\WindowsApps;C:\Users\brand\AppData\Local\GitHubDesktop\bin;C:\Users\brand\anaconda3\envs\roda\Library\bin;C:\Users\brand\AppData\Local\Programs\Microsoft VS Code\bin;C:\Users\brand\AppData\Roaming\npm
USERNAME=brand
TERM=xterm-color
OS=Windows_NT
PROCESSOR_IDENTIFIER=Intel64 Family 6 Model 158 Stepping 10, GenuineIntel
TMP=C:\Users\brand\AppData\Local\Temp
TEMP=C:\Users\brand\AppData\Local\Temp




Periodic native trim disabled

---------------  S Y S T E M  ---------------

OS:
 Windows 11 , 64 bit Build 26100 (10.0.26100.6725)
OS uptime: 6 days 16:30 hours
Hyper-V role detected

CPU: total 12 (initial active 12) (6 cores per cpu, 2 threads per core) family 6 model 158 stepping 10 microcode 0xf4, cx8, cmov, fxsr, ht, mmx, 3dnowpref, sse, sse2, sse3, ssse3, sse4.1, sse4.2, popcnt, lzcnt, tsc, tscinvbit, avx, avx2, aes, erms, clmul, bmi1, bmi2, adx, fma, vzeroupper, clflush, clflushopt, hv, rdtscp, f16c
Processor Information for the first 12 processors :
  Max Mhz: 2592, Current Mhz: 2592, Mhz Limit: 2592

Memory: 4k page, system-wide physical 16196M (1019M free)
TotalPageFile size 62176M (AvailPageFile size 6849M)
current process WorkingSet (physical memory assigned to process): 44M, peak: 1286M
current process commit charge ("private bytes"): 1352M, peak: 2966M

vm_info: OpenJDK 64-Bit Server VM (23.0.2+7) for windows-amd64 JRE (23.0.2+7) (Zulu23.32+11-CA), built on 2024-12-23T17:34:43Z with MS VC++ 17.1 (VS2022)

END.
